MFRC522.c:46:6:MFRC522_Init	16	static
MFRC522.c:68:18:MFRC522_Check	24	static
MFRC522.c:82:18:MFRC522_Compare	24	static
MFRC522.c:97:6:MFRC522_WriteRegister	16	static
MFRC522.c:108:9:MFRC522_ReadRegister	24	static
MFRC522.c:121:6:MFRC522_SetBitMask	16	static
MFRC522.c:125:6:MFRC522_ClearBitMask	16	static
MFRC522.c:129:6:MFRC522_AntennaOn	16	static
MFRC522.c:138:6:MFRC522_AntennaOff	8	static
MFRC522.c:142:6:MFRC522_Reset	8	static
MFRC522.c:146:18:MFRC522_Request	32	static
MFRC522.c:162:18:MFRC522_ToCard	40	static
MFRC522.c:249:18:MFRC522_Anticoll	32	static
MFRC522.c:273:6:MFRC522_CalculateCRC	40	static
MFRC522.c:298:9:MFRC522_SelectTag	40	static
MFRC522.c:322:18:MFRC522_Auth	48	static
MFRC522.c:346:18:MFRC522_Read	32	static
MFRC522.c:362:18:MFRC522_Write	48	static
MFRC522.c:393:6:MFRC522_Halt	24	static
MFRC522.c:413:16:SPI_Read	24	static
MFRC522.c:434:13:SPI_Write	24	static
MFRC522.c:451:13:SPI_Error	8	static
