Archive member included to satisfy reference by file (symbol)

c:/st/stm32cubeide_1.1.0/stm32cubeide/plugins/com.st.stm32cube.ide.mcu.externaltools.gnu-tools-for-stm32.7-2018-q2-update.win32_1.0.0.201904181610/tools/bin/../lib/gcc/arm-none-eabi/7.3.1/../../../../arm-none-eabi/lib/thumb/v7e-m/fpv4-sp/hard\libc_nano.a(lib_a-errno.o)
                              Core/Src/syscalls.o (__errno)
c:/st/stm32cubeide_1.1.0/stm32cubeide/plugins/com.st.stm32cube.ide.mcu.externaltools.gnu-tools-for-stm32.7-2018-q2-update.win32_1.0.0.201904181610/tools/bin/../lib/gcc/arm-none-eabi/7.3.1/../../../../arm-none-eabi/lib/thumb/v7e-m/fpv4-sp/hard\libc_nano.a(lib_a-exit.o)
                              c:/st/stm32cubeide_1.1.0/stm32cubeide/plugins/com.st.stm32cube.ide.mcu.externaltools.gnu-tools-for-stm32.7-2018-q2-update.win32_1.0.0.201904181610/tools/bin/../lib/gcc/arm-none-eabi/7.3.1/../../../../arm-none-eabi/lib/thumb/v7e-m/fpv4-sp/hard/crt0.o (exit)
c:/st/stm32cubeide_1.1.0/stm32cubeide/plugins/com.st.stm32cube.ide.mcu.externaltools.gnu-tools-for-stm32.7-2018-q2-update.win32_1.0.0.201904181610/tools/bin/../lib/gcc/arm-none-eabi/7.3.1/../../../../arm-none-eabi/lib/thumb/v7e-m/fpv4-sp/hard\libc_nano.a(lib_a-impure.o)
                              c:/st/stm32cubeide_1.1.0/stm32cubeide/plugins/com.st.stm32cube.ide.mcu.externaltools.gnu-tools-for-stm32.7-2018-q2-update.win32_1.0.0.201904181610/tools/bin/../lib/gcc/arm-none-eabi/7.3.1/../../../../arm-none-eabi/lib/thumb/v7e-m/fpv4-sp/hard\libc_nano.a(lib_a-exit.o) (_global_impure_ptr)
c:/st/stm32cubeide_1.1.0/stm32cubeide/plugins/com.st.stm32cube.ide.mcu.externaltools.gnu-tools-for-stm32.7-2018-q2-update.win32_1.0.0.201904181610/tools/bin/../lib/gcc/arm-none-eabi/7.3.1/../../../../arm-none-eabi/lib/thumb/v7e-m/fpv4-sp/hard\libc_nano.a(lib_a-init.o)
                              c:/st/stm32cubeide_1.1.0/stm32cubeide/plugins/com.st.stm32cube.ide.mcu.externaltools.gnu-tools-for-stm32.7-2018-q2-update.win32_1.0.0.201904181610/tools/bin/../lib/gcc/arm-none-eabi/7.3.1/../../../../arm-none-eabi/lib/thumb/v7e-m/fpv4-sp/hard/crt0.o (__libc_init_array)
c:/st/stm32cubeide_1.1.0/stm32cubeide/plugins/com.st.stm32cube.ide.mcu.externaltools.gnu-tools-for-stm32.7-2018-q2-update.win32_1.0.0.201904181610/tools/bin/../lib/gcc/arm-none-eabi/7.3.1/../../../../arm-none-eabi/lib/thumb/v7e-m/fpv4-sp/hard\libc_nano.a(lib_a-memset.o)
                              c:/st/stm32cubeide_1.1.0/stm32cubeide/plugins/com.st.stm32cube.ide.mcu.externaltools.gnu-tools-for-stm32.7-2018-q2-update.win32_1.0.0.201904181610/tools/bin/../lib/gcc/arm-none-eabi/7.3.1/../../../../arm-none-eabi/lib/thumb/v7e-m/fpv4-sp/hard/crt0.o (memset)
c:/st/stm32cubeide_1.1.0/stm32cubeide/plugins/com.st.stm32cube.ide.mcu.externaltools.gnu-tools-for-stm32.7-2018-q2-update.win32_1.0.0.201904181610/tools/bin/../lib/gcc/arm-none-eabi/7.3.1/../../../../arm-none-eabi/lib/thumb/v7e-m/fpv4-sp/hard\libc_nano.a(lib_a-vsprintf.o)
                              Drivers/display/lcd.o (vsprintf)
c:/st/stm32cubeide_1.1.0/stm32cubeide/plugins/com.st.stm32cube.ide.mcu.externaltools.gnu-tools-for-stm32.7-2018-q2-update.win32_1.0.0.201904181610/tools/bin/../lib/gcc/arm-none-eabi/7.3.1/../../../../arm-none-eabi/lib/thumb/v7e-m/fpv4-sp/hard\libc_nano.a(lib_a-nano-svfprintf.o)
                              c:/st/stm32cubeide_1.1.0/stm32cubeide/plugins/com.st.stm32cube.ide.mcu.externaltools.gnu-tools-for-stm32.7-2018-q2-update.win32_1.0.0.201904181610/tools/bin/../lib/gcc/arm-none-eabi/7.3.1/../../../../arm-none-eabi/lib/thumb/v7e-m/fpv4-sp/hard\libc_nano.a(lib_a-vsprintf.o) (_svfprintf_r)
c:/st/stm32cubeide_1.1.0/stm32cubeide/plugins/com.st.stm32cube.ide.mcu.externaltools.gnu-tools-for-stm32.7-2018-q2-update.win32_1.0.0.201904181610/tools/bin/../lib/gcc/arm-none-eabi/7.3.1/../../../../arm-none-eabi/lib/thumb/v7e-m/fpv4-sp/hard\libc_nano.a(lib_a-nano-vfprintf_i.o)
                              c:/st/stm32cubeide_1.1.0/stm32cubeide/plugins/com.st.stm32cube.ide.mcu.externaltools.gnu-tools-for-stm32.7-2018-q2-update.win32_1.0.0.201904181610/tools/bin/../lib/gcc/arm-none-eabi/7.3.1/../../../../arm-none-eabi/lib/thumb/v7e-m/fpv4-sp/hard\libc_nano.a(lib_a-nano-svfprintf.o) (_printf_i)
c:/st/stm32cubeide_1.1.0/stm32cubeide/plugins/com.st.stm32cube.ide.mcu.externaltools.gnu-tools-for-stm32.7-2018-q2-update.win32_1.0.0.201904181610/tools/bin/../lib/gcc/arm-none-eabi/7.3.1/../../../../arm-none-eabi/lib/thumb/v7e-m/fpv4-sp/hard\libc_nano.a(lib_a-memchr.o)
                              c:/st/stm32cubeide_1.1.0/stm32cubeide/plugins/com.st.stm32cube.ide.mcu.externaltools.gnu-tools-for-stm32.7-2018-q2-update.win32_1.0.0.201904181610/tools/bin/../lib/gcc/arm-none-eabi/7.3.1/../../../../arm-none-eabi/lib/thumb/v7e-m/fpv4-sp/hard\libc_nano.a(lib_a-nano-svfprintf.o) (memchr)
[...]
Memory Configuration

Name             Origin             Length             Attributes
RAM              0x0000000020000000 0x0000000000020000 xrw
FLASH            0x0000000008000000 0x0000000000080000 xr
*default*        0x0000000000000000 0xffffffffffffffff

Linker script and memory map

LOAD c:/st/stm32cubeide_1.1.0/stm32cubeide/plugins/com.st.stm32cube.ide.mcu.externaltools.gnu-tools-for-stm32.7-2018-q2-update.win32_1.0.0.201904181610/tools/bin/../lib/gcc/arm-none-eabi/7.3.1/thumb/v7e-m/fpv4-sp/hard/crti.o
LOAD c:/st/stm32cubeide_1.1.0/stm32cubeide/plugins/com.st.stm32cube.ide.mcu.externaltools.gnu-tools-for-stm32.7-2018-q2-update.win32_1.0.0.201904181610/tools/bin/../lib/gcc/arm-none-eabi/7.3.1/thumb/v7e-m/fpv4-sp/hard/crtbegin.o
LOAD c:/st/stm32cubeide_1.1.0/stm32cubeide/plugins/com.st.stm32cube.ide.mcu.externaltools.gnu-tools-for-stm32.7-2018-q2-update.win32_1.0.0.201904181610/tools/bin/../lib/gcc/arm-none-eabi/7.3.1/../../../../arm-none-eabi/lib/thumb/v7e-m/fpv4-sp/hard/crt0.o
LOAD Core/Src/gpio.o
LOAD Core/Src/main.o
LOAD Core/Src/stm32f4xx_hal_msp.o
LOAD Core/Src/stm32f4xx_it.o
LOAD Core/Src/sys.o
LOAD Core/Src/syscalls.o
LOAD Core/Src/sysmem.o
LOAD Core/Src/system_stm32f4xx.o
LOAD Core/Src/tim.o
LOAD Core/Startup/startup_stm32f446retx.o
LOAD Drivers/STM32F4xx_HAL_Driver/Src/stm32f4xx_hal.o
LOAD Drivers/STM32F4xx_HAL_Driver/Src/stm32f4xx_hal_cortex.o
LOAD Drivers/STM32F4xx_HAL_Driver/Src/stm32f4xx_hal_dma.o
LOAD Drivers/STM32F4xx_HAL_Driver/Src/stm32f4xx_hal_dma_ex.o
LOAD Drivers/STM32F4xx_HAL_Driver/Src/stm32f4xx_hal_exti.o
LOAD Drivers/STM32F4xx_HAL_Driver/Src/stm32f4xx_hal_flash.o
LOAD Drivers/STM32F4xx_HAL_Driver/Src/stm32f4xx_hal_flash_ex.o
LOAD Drivers/STM32F4xx_HAL_Driver/Src/stm32f4xx_hal_flash_ramfunc.o
LOAD Drivers/STM32F4xx_HAL_Driver/Src/stm32f4xx_hal_gpio.o
LOAD Drivers/STM32F4xx_HAL_Driver/Src/stm32f4xx_hal_pwr.o
LOAD Drivers/STM32F4xx_HAL_Driver/Src/stm32f4xx_hal_pwr_ex.o
LOAD Drivers/STM32F4xx_HAL_Driver/Src/stm32f4xx_hal_rcc.o
LOAD Drivers/STM32F4xx_HAL_Driver/Src/stm32f4xx_hal_rcc_ex.o
LOAD Drivers/STM32F4xx_HAL_Driver/Src/stm32f4xx_hal_tim.o
LOAD Drivers/STM32F4xx_HAL_Driver/Src/stm32f4xx_hal_tim_ex.o
LOAD Drivers/display/Fonts/font12.o
LOAD Drivers/display/Fonts/font16.o
LOAD Drivers/display/Fonts/font20.o
LOAD Drivers/display/Fonts/font24.o
LOAD Drivers/display/Fonts/font8.o
LOAD Drivers/display/lcd.o
START GROUP
LOAD c:/st/stm32cubeide_1.1.0/stm32cubeide/plugins/com.st.stm32cube.ide.mcu.externaltools.gnu-tools-for-stm32.7-2018-q2-update.win32_1.0.0.201904181610/tools/bin/../lib/gcc/arm-none-eabi/7.3.1/../../../../arm-none-eabi/lib/thumb/v7e-m/fpv4-sp/hard\libc_nano.a
LOAD c:/st/stm32cubeide_1.1.0/stm32cubeide/plugins/com.st.stm32cube.ide.mcu.externaltools.gnu-tools-for-stm32.7-2018-q2-update.win32_1.0.0.201904181610/tools/bin/../lib/gcc/arm-none-eabi/7.3.1/../../../../arm-none-eabi/lib/thumb/v7e-m/fpv4-sp/hard\libm.a
END GROUP
START GROUP
LOAD c:/st/stm32cubeide_1.1.0/stm32cubeide/plugins/com.st.stm32cube.ide.mcu.externaltools.gnu-tools-for-stm32.7-2018-q2-update.win32_1.0.0.201904181610/tools/bin/../lib/gcc/arm-none-eabi/7.3.1/thumb/v7e-m/fpv4-sp/hard\libgcc.a
LOAD c:/st/stm32cubeide_1.1.0/stm32cubeide/plugins/com.st.stm32cube.ide.mcu.externaltools.gnu-tools-for-stm32.7-2018-q2-update.win32_1.0.0.201904181610/tools/bin/../lib/gcc/arm-none-eabi/7.3.1/../../../../arm-none-eabi/lib/thumb/v7e-m/fpv4-sp/hard\libc_nano.a
END GROUP
START GROUP
LOAD c:/st/stm32cubeide_1.1.0/stm32cubeide/plugins/com.st.stm32cube.ide.mcu.externaltools.gnu-tools-for-stm32.7-2018-q2-update.win32_1.0.0.201904181610/tools/bin/../lib/gcc/arm-none-eabi/7.3.1/thumb/v7e-m/fpv4-sp/hard\libgcc.a
LOAD c:/st/stm32cubeide_1.1.0/stm32cubeide/plugins/com.st.stm32cube.ide.mcu.externaltools.gnu-tools-for-stm32.7-2018-q2-update.win32_1.0.0.201904181610/tools/bin/../lib/gcc/arm-none-eabi/7.3.1/../../../../arm-none-eabi/lib/thumb/v7e-m/fpv4-sp/hard\libc_nano.a
LOAD c:/st/stm32cubeide_1.1.0/stm32cubeide/plugins/com.st.stm32cube.ide.mcu.externaltools.gnu-tools-for-stm32.7-2018-q2-update.win32_1.0.0.201904181610/tools/bin/../lib/gcc/arm-none-eabi/7.3.1/../../../../arm-none-eabi/lib/thumb/v7e-m/fpv4-sp/hard\libnosys.a
END GROUP
START GROUP
LOAD c:/st/stm32cubeide_1.1.0/stm32cubeide/plugins/com.st.stm32cube.ide.mcu.externaltools.gnu-tools-for-stm32.7-2018-q2-update.win32_1.0.0.201904181610/tools/bin/../lib/gcc/arm-none-eabi/7.3.1/thumb/v7e-m/fpv4-sp/hard\libgcc.a
LOAD c:/st/stm32cubeide_1.1.0/stm32cubeide/plugins/com.st.stm32cube.ide.mcu.externaltools.gnu-tools-for-stm32.7-2018-q2-update.win32_1.0.0.201904181610/tools/bin/../lib/gcc/arm-none-eabi/7.3.1/../../../../arm-none-eabi/lib/thumb/v7e-m/fpv4-sp/hard\libc_nano.a
LOAD c:/st/stm32cubeide_1.1.0/stm32cubeide/plugins/com.st.stm32cube.ide.mcu.externaltools.gnu-tools-for-stm32.7-2018-q2-update.win32_1.0.0.201904181610/tools/bin/../lib/gcc/arm-none-eabi/7.3.1/../../../../arm-none-eabi/lib/thumb/v7e-m/fpv4-sp/hard\libnosys.a
END GROUP
LOAD c:/st/stm32cubeide_1.1.0/stm32cubeide/plugins/com.st.stm32cube.ide.mcu.externaltools.gnu-tools-for-stm32.7-2018-q2-update.win32_1.0.0.201904181610/tools/bin/../lib/gcc/arm-none-eabi/7.3.1/thumb/v7e-m/fpv4-sp/hard/crtend.o
LOAD c:/st/stm32cubeide_1.1.0/stm32cubeide/plugins/com.st.stm32cube.ide.mcu.externaltools.gnu-tools-for-stm32.7-2018-q2-update.win32_1.0.0.201904181610/tools/bin/../lib/gcc/arm-none-eabi/7.3.1/thumb/v7e-m/fpv4-sp/hard/crtn.o
                0x0000000020020000                _estack = (ORIGIN (RAM) + LENGTH (RAM))
                0x0000000000000200                _Min_Heap_Size = 0x200
                0x0000000000000400                _Min_Stack_Size = 0x400

.isr_vector     0x0000000008000000      0x1c4
                0x0000000008000000                . = ALIGN (0x4)
 *(.isr_vector)
 .isr_vector    0x0000000008000000      0x1c4 Core/Startup/startup_stm32f446retx.o
                0x0000000008000000                g_pfnVectors
                0x00000000080001c4                . = ALIGN (0x4)

.text           0x00000000080001d0     0x32d0
                0x00000000080001d0                . = ALIGN (0x4)
 *(.text)
 .text          0x00000000080001d0       0x40 c:/st/stm32cubeide_1.1.0/stm32cubeide/plugins/com.st.stm32cube.ide.mcu.externaltools.gnu-tools-for-stm32.7-2018-q2-update.win32_1.0.0.201904181610/tools/bin/../lib/gcc/arm-none-eabi/7.3.1/thumb/v7e-m/fpv4-sp/hard/crtbegin.o
 .text          0x0000000008000210       0xa0 c:/st/stm32cubeide_1.1.0/stm32cubeide/plugins/com.st.stm32cube.ide.mcu.externaltools.gnu-tools-for-stm32.7-2018-q2-update.win32_1.0.0.201904181610/tools/bin/../lib/gcc/arm-none-eabi/7.3.1/../../../../arm-none-eabi/lib/thumb/v7e-m/fpv4-sp/hard\libc_nano.a(lib_a-memchr.o)
                0x0000000008000210                memchr
 .text          0x00000000080002b0       0x30 c:/st/stm32cubeide_1.1.0/stm32cubeide/plugins/com.st.stm32cube.ide.mcu.externaltools.gnu-tools-for-stm32.7-2018-q2-update.win32_1.0.0.201904181610/tools/bin/../lib/gcc/arm-none-eabi/7.3.1/thumb/v7e-m/fpv4-sp/hard\libgcc.a(_aeabi_uldivmod.o)
                0x00000000080002b0                __aeabi_uldivmod
 .text          0x00000000080002e0      0x2cc c:/st/stm32cubeide_1.1.0/stm32cubeide/plugins/com.st.stm32cube.ide.mcu.externaltools.gnu-tools-for-stm32.7-2018-q2-update.win32_1.0.0.201904181610/tools/bin/../lib/gcc/arm-none-eabi/7.3.1/thumb/v7e-m/fpv4-sp/hard\libgcc.a(_udivmoddi4.o)
                0x00000000080002e0                __udivmoddi4
 .text          0x00000000080005ac        0x4 c:/st/stm32cubeide_1.1.0/stm32cubeide/plugins/com.st.stm32cube.ide.mcu.externaltools.gnu-tools-for-stm32.7-2018-q2-update.win32_1.0.0.201904181610/tools/bin/../lib/gcc/arm-none-eabi/7.3.1/thumb/v7e-m/fpv4-sp/hard\libgcc.a(_dvmd_tls.o)
                0x00000000080005ac                __aeabi_idiv0
                0x00000000080005ac                __aeabi_ldiv0
 *(.text*)
 .text.MX_GPIO_Init
                0x00000000080005b0      0x100 Core/Src/gpio.o
                0x00000000080005b0                MX_GPIO_Init
 .text.main     0x00000000080006b0       0x8c Core/Src/main.o
                0x00000000080006b0                main
 .text.SystemClock_Config
                0x000000000800073c       0xe4 Core/Src/main.o
                0x000000000800073c                SystemClock_Config
 .text.Error_Handler
                0x0000000008000820        0xe Core/Src/main.o
                0x0000000008000820                Error_Handler
 *fill*         0x000000000800082e        0x2 
 .text.HAL_MspInit
                0x0000000008000830       0x50 Core/Src/stm32f4xx_hal_msp.o
                0x0000000008000830                HAL_MspInit
 .text.NMI_Handler
                0x0000000008000880        0xe Core/Src/stm32f4xx_it.o
                0x0000000008000880                NMI_Handler
 .text.HardFault_Handler
                0x000000000800088e        0x6 Core/Src/stm32f4xx_it.o
                0x000000000800088e                HardFault_Handler
 .text.MemManage_Handler
                0x0000000008000894        0x6 Core/Src/stm32f4xx_it.o
                0x0000000008000894                MemManage_Handler
 .text.BusFault_Handler
                0x000000000800089a        0x6 Core/Src/stm32f4xx_it.o
                0x000000000800089a                BusFault_Handler
 .text.UsageFault_Handler
                0x00000000080008a0        0x6 Core/Src/stm32f4xx_it.o
                0x00000000080008a0                UsageFault_Handler
 .text.SVC_Handler
                0x00000000080008a6        0xe Core/Src/stm32f4xx_it.o
                0x00000000080008a6                SVC_Handler
 .text.DebugMon_Handler
                0x00000000080008b4        0xe Core/Src/stm32f4xx_it.o
                0x00000000080008b4                DebugMon_Handler
 .text.PendSV_Handler
                0x00000000080008c2        0xe Core/Src/stm32f4xx_it.o
                0x00000000080008c2                PendSV_Handler
 .text.SysTick_Handler
                0x00000000080008d0        0xc Core/Src/stm32f4xx_it.o
                0x00000000080008d0                SysTick_Handler
 .text._sbrk    0x00000000080008dc       0x58 Core/Src/sysmem.o
                0x00000000080008dc                _sbrk
 .text.SystemInit
                0x0000000008000934       0x6c Core/Src/system_stm32f4xx.o
                0x0000000008000934                SystemInit
 .text.MX_TIM2_Init
                0x00000000080009a0       0xa4 Core/Src/tim.o
                0x00000000080009a0                MX_TIM2_Init
 .text.HAL_TIM_Encoder_MspInit
                0x0000000008000a44       0x8c Core/Src/tim.o
                0x0000000008000a44                HAL_TIM_Encoder_MspInit
 .text.Reset_Handler
                0x0000000008000ad0       0x50 Core/Startup/startup_stm32f446retx.o
                0x0000000008000ad0                Reset_Handler
 .text.Default_Handler
                0x0000000008000b20        0x2 Core/Startup/startup_stm32f446retx.o
                0x0000000008000b20                RTC_Alarm_IRQHandler
                0x0000000008000b20                EXTI2_IRQHandler
                0x0000000008000b20                TIM8_CC_IRQHandler
                0x0000000008000b20                FMPI2C1_EV_IRQHandler
                0x0000000008000b20                SPI4_IRQHandler
                0x0000000008000b20                TIM1_CC_IRQHandler
                0x0000000008000b20                DMA2_Stream5_IRQHandler
                0x0000000008000b20                DMA1_Stream5_IRQHandler
                0x0000000008000b20                PVD_IRQHandler
                0x0000000008000b20                SDIO_IRQHandler
                0x0000000008000b20                TAMP_STAMP_IRQHandler
                0x0000000008000b20                CAN2_RX1_IRQHandler
                0x0000000008000b20                EXTI3_IRQHandler
                0x0000000008000b20                TIM8_TRG_COM_TIM14_IRQHandler
                0x0000000008000b20                TIM1_UP_TIM10_IRQHandler
                0x0000000008000b20                TIM8_UP_TIM13_IRQHandler
                0x0000000008000b20                I2C3_ER_IRQHandler
                0x0000000008000b20                EXTI0_IRQHandler
                0x0000000008000b20                I2C2_EV_IRQHandler
                0x0000000008000b20                DMA1_Stream2_IRQHandler
                0x0000000008000b20                CAN1_RX0_IRQHandler
                0x0000000008000b20                FPU_IRQHandler
                0x0000000008000b20                OTG_HS_WKUP_IRQHandler
                0x0000000008000b20                CAN2_SCE_IRQHandler
                0x0000000008000b20                DMA2_Stream2_IRQHandler
                0x0000000008000b20                SPI1_IRQHandler
                0x0000000008000b20                TIM6_DAC_IRQHandler
                0x0000000008000b20                TIM1_BRK_TIM9_IRQHandler
                0x0000000008000b20                DCMI_IRQHandler
                0x0000000008000b20                CAN2_RX0_IRQHandler
                0x0000000008000b20                DMA2_Stream3_IRQHandler
                0x0000000008000b20                SAI2_IRQHandler
                0x0000000008000b20                USART6_IRQHandler
                0x0000000008000b20                USART3_IRQHandler
                0x0000000008000b20                CAN1_RX1_IRQHandler
                0x0000000008000b20                UART5_IRQHandler
                0x0000000008000b20                DMA2_Stream0_IRQHandler
                0x0000000008000b20                TIM4_IRQHandler
                0x0000000008000b20                QUADSPI_IRQHandler
                0x0000000008000b20                I2C1_EV_IRQHandler
                0x0000000008000b20                DMA1_Stream6_IRQHandler
                0x0000000008000b20                DMA1_Stream1_IRQHandler
                0x0000000008000b20                UART4_IRQHandler
                0x0000000008000b20                TIM3_IRQHandler
                0x0000000008000b20                RCC_IRQHandler
                0x0000000008000b20                TIM8_BRK_TIM12_IRQHandler
                0x0000000008000b20                Default_Handler
                0x0000000008000b20                CEC_IRQHandler
                0x0000000008000b20                EXTI15_10_IRQHandler
                0x0000000008000b20                ADC_IRQHandler
                0x0000000008000b20                DMA1_Stream7_IRQHandler
                0x0000000008000b20                TIM7_IRQHandler
                0x0000000008000b20                CAN2_TX_IRQHandler
                0x0000000008000b20                TIM5_IRQHandler
                0x0000000008000b20                DMA2_Stream7_IRQHandler
                0x0000000008000b20                I2C3_EV_IRQHandler
                0x0000000008000b20                EXTI9_5_IRQHandler
                0x0000000008000b20                RTC_WKUP_IRQHandler
                0x0000000008000b20                SPDIF_RX_IRQHandler
                0x0000000008000b20                SPI2_IRQHandler
                0x0000000008000b20                OTG_HS_EP1_IN_IRQHandler
                0x0000000008000b20                DMA1_Stream0_IRQHandler
                0x0000000008000b20                CAN1_TX_IRQHandler
                0x0000000008000b20                FMPI2C1_ER_IRQHandler
                0x0000000008000b20                EXTI4_IRQHandler
                0x0000000008000b20                OTG_HS_EP1_OUT_IRQHandler
                0x0000000008000b20                WWDG_IRQHandler
                0x0000000008000b20                TIM2_IRQHandler
                0x0000000008000b20                OTG_FS_WKUP_IRQHandler
                0x0000000008000b20                TIM1_TRG_COM_TIM11_IRQHandler
                0x0000000008000b20                OTG_HS_IRQHandler
                0x0000000008000b20                EXTI1_IRQHandler
                0x0000000008000b20                USART2_IRQHandler
                0x0000000008000b20                I2C2_ER_IRQHandler
                0x0000000008000b20                DMA2_Stream1_IRQHandler
                0x0000000008000b20                CAN1_SCE_IRQHandler
                0x0000000008000b20                FLASH_IRQHandler
                0x0000000008000b20                DMA2_Stream4_IRQHandler
                0x0000000008000b20                USART1_IRQHandler
                0x0000000008000b20                OTG_FS_IRQHandler
                0x0000000008000b20                SPI3_IRQHandler
                0x0000000008000b20                DMA1_Stream4_IRQHandler
                0x0000000008000b20                I2C1_ER_IRQHandler
                0x0000000008000b20                FMC_IRQHandler
                0x0000000008000b20                DMA2_Stream6_IRQHandler
                0x0000000008000b20                SAI1_IRQHandler
                0x0000000008000b20                DMA1_Stream3_IRQHandler
 *fill*         0x0000000008000b22        0x2 
 .text.HAL_Init
                0x0000000008000b24       0x44 Drivers/STM32F4xx_HAL_Driver/Src/stm32f4xx_hal.o
                0x0000000008000b24                HAL_Init
 .text.HAL_InitTick
                0x0000000008000b68       0x60 Drivers/STM32F4xx_HAL_Driver/Src/stm32f4xx_hal.o
                0x0000000008000b68                HAL_InitTick
 .text.HAL_IncTick
                0x0000000008000bc8       0x28 Drivers/STM32F4xx_HAL_Driver/Src/stm32f4xx_hal.o
                0x0000000008000bc8                HAL_IncTick
 .text.HAL_GetTick
                0x0000000008000bf0       0x18 Drivers/STM32F4xx_HAL_Driver/Src/stm32f4xx_hal.o
                0x0000000008000bf0                HAL_GetTick
 .text.HAL_Delay
                0x0000000008000c08       0x44 Drivers/STM32F4xx_HAL_Driver/Src/stm32f4xx_hal.o
                0x0000000008000c08                HAL_Delay
 .text.__NVIC_SetPriorityGrouping
                0x0000000008000c4c       0x48 Drivers/STM32F4xx_HAL_Driver/Src/stm32f4xx_hal_cortex.o
 .text.__NVIC_GetPriorityGrouping
                0x0000000008000c94       0x1c Drivers/STM32F4xx_HAL_Driver/Src/stm32f4xx_hal_cortex.o
 .text.__NVIC_SetPriority
                0x0000000008000cb0       0x54 Drivers/STM32F4xx_HAL_Driver/Src/stm32f4xx_hal_cortex.o
 .text.NVIC_EncodePriority
                0x0000000008000d04       0x66 Drivers/STM32F4xx_HAL_Driver/Src/stm32f4xx_hal_cortex.o
 *fill*         0x0000000008000d6a        0x2 
 .text.SysTick_Config
                0x0000000008000d6c       0x44 Drivers/STM32F4xx_HAL_Driver/Src/stm32f4xx_hal_cortex.o
 .text.HAL_NVIC_SetPriorityGrouping
                0x0000000008000db0       0x16 Drivers/STM32F4xx_HAL_Driver/Src/stm32f4xx_hal_cortex.o
                0x0000000008000db0                HAL_NVIC_SetPriorityGrouping
 .text.HAL_NVIC_SetPriority
                0x0000000008000dc6       0x38 Drivers/STM32F4xx_HAL_Driver/Src/stm32f4xx_hal_cortex.o
                0x0000000008000dc6                HAL_NVIC_SetPriority
 .text.HAL_SYSTICK_Config
                0x0000000008000dfe       0x18 Drivers/STM32F4xx_HAL_Driver/Src/stm32f4xx_hal_cortex.o
                0x0000000008000dfe                HAL_SYSTICK_Config
 *fill*         0x0000000008000e16        0x2 
 .text.HAL_GPIO_Init
                0x0000000008000e18      0x324 Drivers/STM32F4xx_HAL_Driver/Src/stm32f4xx_hal_gpio.o
                0x0000000008000e18                HAL_GPIO_Init
 .text.HAL_GPIO_WritePin
                0x000000000800113c       0x32 Drivers/STM32F4xx_HAL_Driver/Src/stm32f4xx_hal_gpio.o
                0x000000000800113c                HAL_GPIO_WritePin
 *fill*         0x000000000800116e        0x2 
 .text.HAL_PWREx_EnableOverDrive
                0x0000000008001170       0xa0 Drivers/STM32F4xx_HAL_Driver/Src/stm32f4xx_hal_pwr_ex.o
                0x0000000008001170                HAL_PWREx_EnableOverDrive
 .text.HAL_RCC_ClockConfig
                0x0000000008001210      0x1c4 Drivers/STM32F4xx_HAL_Driver/Src/stm32f4xx_hal_rcc.o
                0x0000000008001210                HAL_RCC_ClockConfig
 .text.HAL_RCC_GetSysClockFreq
                0x00000000080013d4      0x340 Drivers/STM32F4xx_HAL_Driver/Src/stm32f4xx_hal_rcc_ex.o
                0x00000000080013d4                HAL_RCC_GetSysClockFreq
 .text.HAL_RCC_OscConfig
                0x0000000008001714      0x4b4 Drivers/STM32F4xx_HAL_Driver/Src/stm32f4xx_hal_rcc_ex.o
                0x0000000008001714                HAL_RCC_OscConfig
 .text.HAL_TIM_Encoder_Init
                0x0000000008001bc8      0x124 Drivers/STM32F4xx_HAL_Driver/Src/stm32f4xx_hal_tim.o
                0x0000000008001bc8                HAL_TIM_Encoder_Init
 .text.HAL_TIM_Encoder_Start
                0x0000000008001cec       0x6e Drivers/STM32F4xx_HAL_Driver/Src/stm32f4xx_hal_tim.o
                0x0000000008001cec                HAL_TIM_Encoder_Start
 *fill*         0x0000000008001d5a        0x2 
 .text.TIM_Base_SetConfig
                0x0000000008001d5c      0x140 Drivers/STM32F4xx_HAL_Driver/Src/stm32f4xx_hal_tim.o
                0x0000000008001d5c                TIM_Base_SetConfig
 .text.TIM_CCxChannelCmd
                0x0000000008001e9c       0x4a Drivers/STM32F4xx_HAL_Driver/Src/stm32f4xx_hal_tim.o
                0x0000000008001e9c                TIM_CCxChannelCmd
 .text.HAL_TIMEx_MasterConfigSynchronization
                0x0000000008001ee6       0x8a Drivers/STM32F4xx_HAL_Driver/Src/stm32f4xx_hal_tim_ex.o
                0x0000000008001ee6                HAL_TIMEx_MasterConfigSynchronization
 .text.delay    0x0000000008001f70       0x24 Drivers/display/lcd.o
                0x0000000008001f70                delay
 .text.GPIO_Init
                0x0000000008001f94      0x130 Drivers/display/lcd.o
                0x0000000008001f94                GPIO_Init
 .text.LCD_Write8
                0x00000000080020c4       0xb0 Drivers/display/lcd.o
                0x00000000080020c4                LCD_Write8
 .text.LCD_Write16Register8
                0x0000000008002174       0x4c Drivers/display/lcd.o
                0x0000000008002174                LCD_Write16Register8
 .text.LCD_Write24Register8
                0x00000000080021c0       0x50 Drivers/display/lcd.o
                0x00000000080021c0                LCD_Write24Register8
 .text.LCD_Init
                0x0000000008002210      0x124 Drivers/display/lcd.o
                0x0000000008002210                LCD_Init
 .text.LCD_DrawPixel
                0x0000000008002334       0xb0 Drivers/display/lcd.o
                0x0000000008002334                LCD_DrawPixel
 .text.LCD_Flood
                0x00000000080023e4       0xfc Drivers/display/lcd.o
                0x00000000080023e4                LCD_Flood
 .text.LCD_FillScreen
                0x00000000080024e0       0x84 Drivers/display/lcd.o
                0x00000000080024e0                LCD_FillScreen
 .text.LCD_Reset
                0x0000000008002564       0x94 Drivers/display/lcd.o
                0x0000000008002564                LCD_Reset
 .text.LCD_SetAddrWindow
                0x00000000080025f8       0xcc Drivers/display/lcd.o
                0x00000000080025f8                LCD_SetAddrWindow
 .text.LCD_SetRotation
                0x00000000080026c4       0xe4 Drivers/display/lcd.o
                0x00000000080026c4                LCD_SetRotation
 .text.LCD_DrawChar
                0x00000000080027a8      0x1cc Drivers/display/lcd.o
                0x00000000080027a8                LCD_DrawChar
 .text.LCD_Printf
                0x0000000008002974      0x17c Drivers/display/lcd.o
                0x0000000008002974                LCD_Printf
 .text.LCD_SetCursor
                0x0000000008002af0       0x34 Drivers/display/lcd.o
                0x0000000008002af0                LCD_SetCursor
 .text.LCD_SetTextSize
                0x0000000008002b24       0x34 Drivers/display/lcd.o
                0x0000000008002b24                LCD_SetTextSize
 .text.LCD_SetTextColor
                0x0000000008002b58       0x30 Drivers/display/lcd.o
                0x0000000008002b58                LCD_SetTextColor
 .text.LCD_Color565_to_888
                0x0000000008002b88       0x30 Drivers/display/lcd.o
                0x0000000008002b88                LCD_Color565_to_888
 .text.LCD_Color565_to_R
                0x0000000008002bb8       0x22 Drivers/display/lcd.o
                0x0000000008002bb8                LCD_Color565_to_R
 .text.LCD_Color565_to_G
                0x0000000008002bda       0x22 Drivers/display/lcd.o
                0x0000000008002bda                LCD_Color565_to_G
 .text.LCD_Color565_to_B
                0x0000000008002bfc       0x1c Drivers/display/lcd.o
                0x0000000008002bfc                LCD_Color565_to_B
 .text.__errno  0x0000000008002c18        0xc c:/st/stm32cubeide_1.1.0/stm32cubeide/plugins/com.st.stm32cube.ide.mcu.externaltools.gnu-tools-for-stm32.7-2018-q2-update.win32_1.0.0.201904181610/tools/bin/../lib/gcc/arm-none-eabi/7.3.1/../../../../arm-none-eabi/lib/thumb/v7e-m/fpv4-sp/hard\libc_nano.a(lib_a-errno.o)
                0x0000000008002c18                __errno
 .text.__libc_init_array
                0x0000000008002c24       0x48 c:/st/stm32cubeide_1.1.0/stm32cubeide/plugins/com.st.stm32cube.ide.mcu.externaltools.gnu-tools-for-stm32.7-2018-q2-update.win32_1.0.0.201904181610/tools/bin/../lib/gcc/arm-none-eabi/7.3.1/../../../../arm-none-eabi/lib/thumb/v7e-m/fpv4-sp/hard\libc_nano.a(lib_a-init.o)
                0x0000000008002c24                __libc_init_array
 .text.memset   0x0000000008002c6c       0x10 c:/st/stm32cubeide_1.1.0/stm32cubeide/plugins/com.st.stm32cube.ide.mcu.externaltools.gnu-tools-for-stm32.7-2018-q2-update.win32_1.0.0.201904181610/tools/bin/../lib/gcc/arm-none-eabi/7.3.1/../../../../arm-none-eabi/lib/thumb/v7e-m/fpv4-sp/hard\libc_nano.a(lib_a-memset.o)
                0x0000000008002c6c                memset
 .text._vsprintf_r
                0x0000000008002c7c       0x2c c:/st/stm32cubeide_1.1.0/stm32cubeide/plugins/com.st.stm32cube.ide.mcu.externaltools.gnu-tools-for-stm32.7-2018-q2-update.win32_1.0.0.201904181610/tools/bin/../lib/gcc/arm-none-eabi/7.3.1/../../../../arm-none-eabi/lib/thumb/v7e-m/fpv4-sp/hard\libc_nano.a(lib_a-vsprintf.o)
                0x0000000008002c7c                _vsprintf_r
                0x0000000008002c7c                _vsiprintf_r
 .text.vsprintf
                0x0000000008002ca8       0x14 c:/st/stm32cubeide_1.1.0/stm32cubeide/plugins/com.st.stm32cube.ide.mcu.externaltools.gnu-tools-for-stm32.7-2018-q2-update.win32_1.0.0.201904181610/tools/bin/../lib/gcc/arm-none-eabi/7.3.1/../../../../arm-none-eabi/lib/thumb/v7e-m/fpv4-sp/hard\libc_nano.a(lib_a-vsprintf.o)
                0x0000000008002ca8                vsiprintf
                0x0000000008002ca8                vsprintf
 .text.__ssputs_r
                0x0000000008002cbc       0xb4 c:/st/stm32cubeide_1.1.0/stm32cubeide/plugins/com.st.stm32cube.ide.mcu.externaltools.gnu-tools-for-stm32.7-2018-q2-update.win32_1.0.0.201904181610/tools/bin/../lib/gcc/arm-none-eabi/7.3.1/../../../../arm-none-eabi/lib/thumb/v7e-m/fpv4-sp/hard\libc_nano.a(lib_a-nano-svfprintf.o)
                0x0000000008002cbc                __ssputs_r
 .text._svfprintf_r
                0x0000000008002d70      0x1f0 c:/st/stm32cubeide_1.1.0/stm32cubeide/plugins/com.st.stm32cube.ide.mcu.externaltools.gnu-tools-for-stm32.7-2018-q2-update.win32_1.0.0.201904181610/tools/bin/../lib/gcc/arm-none-eabi/7.3.1/../../../../arm-none-eabi/lib/thumb/v7e-m/fpv4-sp/hard\libc_nano.a(lib_a-nano-svfprintf.o)
                0x0000000008002d70                _svfiprintf_r
                0x0000000008002d70                _svfprintf_r
 .text._printf_common
                0x0000000008002f60       0xea c:/st/stm32cubeide_1.1.0/stm32cubeide/plugins/com.st.stm32cube.ide.mcu.externaltools.gnu-tools-for-stm32.7-2018-q2-update.win32_1.0.0.201904181610/tools/bin/../lib/gcc/arm-none-eabi/7.3.1/../../../../arm-none-eabi/lib/thumb/v7e-m/fpv4-sp/hard\libc_nano.a(lib_a-nano-vfprintf_i.o)
                0x0000000008002f60                _printf_common
 *fill*         0x000000000800304a        0x2 
 .text._printf_i
                0x000000000800304c      0x224 c:/st/stm32cubeide_1.1.0/stm32cubeide/plugins/com.st.stm32cube.ide.mcu.externaltools.gnu-tools-for-stm32.7-2018-q2-update.win32_1.0.0.201904181610/tools/bin/../lib/gcc/arm-none-eabi/7.3.1/../../../../arm-none-eabi/lib/thumb/v7e-m/fpv4-sp/hard\libc_nano.a(lib_a-nano-vfprintf_i.o)
                0x000000000800304c                _printf_i
 .text.memcpy   0x0000000008003270       0x16 c:/st/stm32cubeide_1.1.0/stm32cubeide/plugins/com.st.stm32cube.ide.mcu.externaltools.gnu-tools-for-stm32.7-2018-q2-update.win32_1.0.0.201904181610/tools/bin/../lib/gcc/arm-none-eabi/7.3.1/../../../../arm-none-eabi/lib/thumb/v7e-m/fpv4-sp/hard\libc_nano.a(lib_a-memcpy-stub.o)
                0x0000000008003270                memcpy
 .text.memmove  0x0000000008003286       0x32 c:/st/stm32cubeide_1.1.0/stm32cubeide/plugins/com.st.stm32cube.ide.mcu.externaltools.gnu-tools-for-stm32.7-2018-q2-update.win32_1.0.0.201904181610/tools/bin/../lib/gcc/arm-none-eabi/7.3.1/../../../../arm-none-eabi/lib/thumb/v7e-m/fpv4-sp/hard\libc_nano.a(lib_a-memmove.o)
                0x0000000008003286                memmove
 .text._free_r  0x00000000080032b8       0x9c c:/st/stm32cubeide_1.1.0/stm32cubeide/plugins/com.st.stm32cube.ide.mcu.externaltools.gnu-tools-for-stm32.7-2018-q2-update.win32_1.0.0.201904181610/tools/bin/../lib/gcc/arm-none-eabi/7.3.1/../../../../arm-none-eabi/lib/thumb/v7e-m/fpv4-sp/hard\libc_nano.a(lib_a-nano-freer.o)
                0x00000000080032b8                _free_r
 .text._malloc_r
                0x0000000008003354       0xb4 c:/st/stm32cubeide_1.1.0/stm32cubeide/plugins/com.st.stm32cube.ide.mcu.externaltools.gnu-tools-for-stm32.7-2018-q2-update.win32_1.0.0.201904181610/tools/bin/../lib/gcc/arm-none-eabi/7.3.1/../../../../arm-none-eabi/lib/thumb/v7e-m/fpv4-sp/hard\libc_nano.a(lib_a-nano-mallocr.o)
                0x0000000008003354                _malloc_r
 .text._realloc_r
                0x0000000008003408       0x4c c:/st/stm32cubeide_1.1.0/stm32cubeide/plugins/com.st.stm32cube.ide.mcu.externaltools.gnu-tools-for-stm32.7-2018-q2-update.win32_1.0.0.201904181610/tools/bin/../lib/gcc/arm-none-eabi/7.3.1/../../../../arm-none-eabi/lib/thumb/v7e-m/fpv4-sp/hard\libc_nano.a(lib_a-nano-reallocr.o)
                0x0000000008003408                _realloc_r
 .text._sbrk_r  0x0000000008003454       0x20 c:/st/stm32cubeide_1.1.0/stm32cubeide/plugins/com.st.stm32cube.ide.mcu.externaltools.gnu-tools-for-stm32.7-2018-q2-update.win32_1.0.0.201904181610/tools/bin/../lib/gcc/arm-none-eabi/7.3.1/../../../../arm-none-eabi/lib/thumb/v7e-m/fpv4-sp/hard\libc_nano.a(lib_a-sbrkr.o)
                0x0000000008003454                _sbrk_r
 .text.__malloc_lock
                0x0000000008003474        0x2 c:/st/stm32cubeide_1.1.0/stm32cubeide/plugins/com.st.stm32cube.ide.mcu.externaltools.gnu-tools-for-stm32.7-2018-q2-update.win32_1.0.0.201904181610/tools/bin/../lib/gcc/arm-none-eabi/7.3.1/../../../../arm-none-eabi/lib/thumb/v7e-m/fpv4-sp/hard\libc_nano.a(lib_a-mlock.o)
                0x0000000008003474                __malloc_lock
 .text.__malloc_unlock
                0x0000000008003476        0x2 c:/st/stm32cubeide_1.1.0/stm32cubeide/plugins/com.st.stm32cube.ide.mcu.externaltools.gnu-tools-for-stm32.7-2018-q2-update.win32_1.0.0.201904181610/tools/bin/../lib/gcc/arm-none-eabi/7.3.1/../../../../arm-none-eabi/lib/thumb/v7e-m/fpv4-sp/hard\libc_nano.a(lib_a-mlock.o)
                0x0000000008003476                __malloc_unlock
 .text._malloc_usable_size_r
                0x0000000008003478       0x10 c:/st/stm32cubeide_1.1.0/stm32cubeide/plugins/com.st.stm32cube.ide.mcu.externaltools.gnu-tools-for-stm32.7-2018-q2-update.win32_1.0.0.201904181610/tools/bin/../lib/gcc/arm-none-eabi/7.3.1/../../../../arm-none-eabi/lib/thumb/v7e-m/fpv4-sp/hard\libc_nano.a(lib_a-nano-msizer.o)
                0x0000000008003478                _malloc_usable_size_r
 *(.glue_7)
 .glue_7        0x0000000008003488        0x0 linker stubs
 *(.glue_7t)
 .glue_7t       0x0000000008003488        0x0 linker stubs
 *(.eh_frame)
 .eh_frame      0x0000000008003488        0x0 c:/st/stm32cubeide_1.1.0/stm32cubeide/plugins/com.st.stm32cube.ide.mcu.externaltools.gnu-tools-for-stm32.7-2018-q2-update.win32_1.0.0.201904181610/tools/bin/../lib/gcc/arm-none-eabi/7.3.1/thumb/v7e-m/fpv4-sp/hard/crtbegin.o
 *(.init)
 .init          0x0000000008003488        0x4 c:/st/stm32cubeide_1.1.0/stm32cubeide/plugins/com.st.stm32cube.ide.mcu.externaltools.gnu-tools-for-stm32.7-2018-q2-update.win32_1.0.0.201904181610/tools/bin/../lib/gcc/arm-none-eabi/7.3.1/thumb/v7e-m/fpv4-sp/hard/crti.o
                0x0000000008003488                _init
 .init          0x000000000800348c        0x8 c:/st/stm32cubeide_1.1.0/stm32cubeide/plugins/com.st.stm32cube.ide.mcu.externaltools.gnu-tools-for-stm32.7-2018-q2-update.win32_1.0.0.201904181610/tools/bin/../lib/gcc/arm-none-eabi/7.3.1/thumb/v7e-m/fpv4-sp/hard/crtn.o
 *(.fini)
 .fini          0x0000000008003494        0x4 c:/st/stm32cubeide_1.1.0/stm32cubeide/plugins/com.st.stm32cube.ide.mcu.externaltools.gnu-tools-for-stm32.7-2018-q2-update.win32_1.0.0.201904181610/tools/bin/../lib/gcc/arm-none-eabi/7.3.1/thumb/v7e-m/fpv4-sp/hard/crti.o
                0x0000000008003494                _fini
 .fini          0x0000000008003498        0x8 c:/st/stm32cubeide_1.1.0/stm32cubeide/plugins/com.st.stm32cube.ide.mcu.externaltools.gnu-tools-for-stm32.7-2018-q2-update.win32_1.0.0.201904181610/tools/bin/../lib/gcc/arm-none-eabi/7.3.1/thumb/v7e-m/fpv4-sp/hard/crtn.o
                0x00000000080034a0                . = ALIGN (0x4)
                0x00000000080034a0                _etext = .

.vfp11_veneer   0x00000000080034a0        0x0
 .vfp11_veneer  0x00000000080034a0        0x0 linker stubs

.v4_bx          0x00000000080034a0        0x0
 .v4_bx         0x00000000080034a0        0x0 linker stubs

.iplt           0x00000000080034a0        0x0
 .iplt          0x00000000080034a0        0x0 c:/st/stm32cubeide_1.1.0/stm32cubeide/plugins/com.st.stm32cube.ide.mcu.externaltools.gnu-tools-for-stm32.7-2018-q2-update.win32_1.0.0.201904181610/tools/bin/../lib/gcc/arm-none-eabi/7.3.1/thumb/v7e-m/fpv4-sp/hard/crtbegin.o

.rodata         0x00000000080034a0      0x5d0
                0x00000000080034a0                . = ALIGN (0x4)
 *(.rodata)
 .rodata        0x00000000080034a0       0x9d Core/Src/main.o
 *(.rodata*)
 *fill*         0x000000000800353d        0x3 
 .rodata.AHBPrescTable
                0x0000000008003540       0x10 Core/Src/system_stm32f4xx.o
                0x0000000008003540                AHBPrescTable
 .rodata.Font12_Table
                0x0000000008003550      0x474 Drivers/display/Fonts/font12.o
                0x0000000008003550                Font12_Table
 .rodata.SSD1297_regValues
                0x00000000080039c4       0x78 Drivers/display/lcd.o
 .rodata._svfprintf_r.str1.1
                0x0000000008003a3c       0x11 c:/st/stm32cubeide_1.1.0/stm32cubeide/plugins/com.st.stm32cube.ide.mcu.externaltools.gnu-tools-for-stm32.7-2018-q2-update.win32_1.0.0.201904181610/tools/bin/../lib/gcc/arm-none-eabi/7.3.1/../../../../arm-none-eabi/lib/thumb/v7e-m/fpv4-sp/hard\libc_nano.a(lib_a-nano-svfprintf.o)
 .rodata._printf_i.str1.1
                0x0000000008003a4d       0x22 c:/st/stm32cubeide_1.1.0/stm32cubeide/plugins/com.st.stm32cube.ide.mcu.externaltools.gnu-tools-for-stm32.7-2018-q2-update.win32_1.0.0.201904181610/tools/bin/../lib/gcc/arm-none-eabi/7.3.1/../../../../arm-none-eabi/lib/thumb/v7e-m/fpv4-sp/hard\libc_nano.a(lib_a-nano-vfprintf_i.o)
                0x0000000008003a70                . = ALIGN (0x4)
 *fill*         0x0000000008003a6f        0x1 

.ARM.extab      0x0000000008003a70        0x0
                0x0000000008003a70                . = ALIGN (0x4)
 *(.ARM.extab* .gnu.linkonce.armextab.*)
                0x0000000008003a70                . = ALIGN (0x4)

.ARM            0x0000000008003a70        0x8
                0x0000000008003a70                . = ALIGN (0x4)
                0x0000000008003a70                __exidx_start = .
 *(.ARM.exidx*)
 .ARM.exidx     0x0000000008003a70        0x8 c:/st/stm32cubeide_1.1.0/stm32cubeide/plugins/com.st.stm32cube.ide.mcu.externaltools.gnu-tools-for-stm32.7-2018-q2-update.win32_1.0.0.201904181610/tools/bin/../lib/gcc/arm-none-eabi/7.3.1/thumb/v7e-m/fpv4-sp/hard\libgcc.a(_udivmoddi4.o)
                0x0000000008003a78                __exidx_end = .
                0x0000000008003a78                . = ALIGN (0x4)

.rel.dyn        0x0000000008003a78        0x0
 .rel.iplt      0x0000000008003a78        0x0 c:/st/stm32cubeide_1.1.0/stm32cubeide/plugins/com.st.stm32cube.ide.mcu.externaltools.gnu-tools-for-stm32.7-2018-q2-update.win32_1.0.0.201904181610/tools/bin/../lib/gcc/arm-none-eabi/7.3.1/thumb/v7e-m/fpv4-sp/hard/crtbegin.o

.preinit_array  0x0000000008003a78        0x0
                0x0000000008003a78                . = ALIGN (0x4)
                0x0000000008003a78                PROVIDE (__preinit_array_start = .)
 *(.preinit_array*)
                0x0000000008003a78                PROVIDE (__preinit_array_end = .)
                0x0000000008003a78                . = ALIGN (0x4)

.init_array     0x0000000008003a78        0x4
                0x0000000008003a78                . = ALIGN (0x4)
                0x0000000008003a78                PROVIDE (__init_array_start = .)
 *(SORT_BY_NAME(.init_array.*))
 *(.init_array*)
 .init_array    0x0000000008003a78        0x4 c:/st/stm32cubeide_1.1.0/stm32cubeide/plugins/com.st.stm32cube.ide.mcu.externaltools.gnu-tools-for-stm32.7-2018-q2-update.win32_1.0.0.201904181610/tools/bin/../lib/gcc/arm-none-eabi/7.3.1/thumb/v7e-m/fpv4-sp/hard/crtbegin.o
                0x0000000008003a7c                PROVIDE (__init_array_end = .)
                0x0000000008003a7c                . = ALIGN (0x4)

.fini_array     0x0000000008003a7c        0x4
                0x0000000008003a7c                . = ALIGN (0x4)
                [!provide]                        PROVIDE (__fini_array_start = .)
 *(SORT_BY_NAME(.fini_array.*))
 *(.fini_array*)
 .fini_array    0x0000000008003a7c        0x4 c:/st/stm32cubeide_1.1.0/stm32cubeide/plugins/com.st.stm32cube.ide.mcu.externaltools.gnu-tools-for-stm32.7-2018-q2-update.win32_1.0.0.201904181610/tools/bin/../lib/gcc/arm-none-eabi/7.3.1/thumb/v7e-m/fpv4-sp/hard/crtbegin.o
                [!provide]                        PROVIDE (__fini_array_end = .)
                0x0000000008003a80                . = ALIGN (0x4)
                0x0000000008003a80                _sidata = LOADADDR (.data)

.data           0x0000000020000000       0x7c load address 0x0000000008003a80
                0x0000000020000000                . = ALIGN (0x4)
                0x0000000020000000                _sdata = .
 *(.data)
 *(.data*)
 .data.SystemCoreClock
                0x0000000020000000        0x4 Core/Src/system_stm32f4xx.o
                0x0000000020000000                SystemCoreClock
 .data.uwTickPrio
                0x0000000020000004        0x4 Drivers/STM32F4xx_HAL_Driver/Src/stm32f4xx_hal.o
                0x0000000020000004                uwTickPrio
 .data.uwTickFreq
                0x0000000020000008        0x1 Drivers/STM32F4xx_HAL_Driver/Src/stm32f4xx_hal.o
                0x0000000020000008                uwTickFreq
 *fill*         0x0000000020000009        0x3 
 .data.Font12   0x000000002000000c        0x8 Drivers/display/Fonts/font12.o
                0x000000002000000c                Font12
 .data.fonts    0x0000000020000014        0x4 Drivers/display/lcd.o
 .data._impure_ptr
                0x0000000020000018        0x4 c:/st/stm32cubeide_1.1.0/stm32cubeide/plugins/com.st.stm32cube.ide.mcu.externaltools.gnu-tools-for-stm32.7-2018-q2-update.win32_1.0.0.201904181610/tools/bin/../lib/gcc/arm-none-eabi/7.3.1/../../../../arm-none-eabi/lib/thumb/v7e-m/fpv4-sp/hard\libc_nano.a(lib_a-impure.o)
                0x0000000020000018                _impure_ptr
 .data.impure_data
                0x000000002000001c       0x60 c:/st/stm32cubeide_1.1.0/stm32cubeide/plugins/com.st.stm32cube.ide.mcu.externaltools.gnu-tools-for-stm32.7-2018-q2-update.win32_1.0.0.201904181610/tools/bin/../lib/gcc/arm-none-eabi/7.3.1/../../../../arm-none-eabi/lib/thumb/v7e-m/fpv4-sp/hard\libc_nano.a(lib_a-impure.o)
                0x000000002000007c                . = ALIGN (0x4)
                0x000000002000007c                _edata = .

.igot.plt       0x000000002000007c        0x0 load address 0x0000000008003afc
 .igot.plt      0x000000002000007c        0x0 c:/st/stm32cubeide_1.1.0/stm32cubeide/plugins/com.st.stm32cube.ide.mcu.externaltools.gnu-tools-for-stm32.7-2018-q2-update.win32_1.0.0.201904181610/tools/bin/../lib/gcc/arm-none-eabi/7.3.1/thumb/v7e-m/fpv4-sp/hard/crtbegin.o
                0x000000002000007c                . = ALIGN (0x4)

.bss            0x000000002000007c      0x180 load address 0x0000000008003afc
                0x000000002000007c                _sbss = .
                0x000000002000007c                __bss_start__ = _sbss
 *(.bss)
 .bss           0x000000002000007c       0x1c c:/st/stm32cubeide_1.1.0/stm32cubeide/plugins/com.st.stm32cube.ide.mcu.externaltools.gnu-tools-for-stm32.7-2018-q2-update.win32_1.0.0.201904181610/tools/bin/../lib/gcc/arm-none-eabi/7.3.1/thumb/v7e-m/fpv4-sp/hard/crtbegin.o
 *(.bss*)
 .bss.heap_end.6424
                0x0000000020000098        0x4 Core/Src/sysmem.o
 .bss.m_width   0x000000002000009c        0x2 Drivers/display/lcd.o
 .bss.m_height  0x000000002000009e        0x2 Drivers/display/lcd.o
 .bss.m_cursor_x
                0x00000000200000a0        0x2 Drivers/display/lcd.o
 .bss.m_cursor_y
                0x00000000200000a2        0x2 Drivers/display/lcd.o
 .bss.m_textcolor
                0x00000000200000a4        0x2 Drivers/display/lcd.o
 .bss.m_textbgcolor
                0x00000000200000a6        0x2 Drivers/display/lcd.o
 .bss.m_font    0x00000000200000a8        0x1 Drivers/display/lcd.o
 .bss.m_rotation
                0x00000000200000a9        0x1 Drivers/display/lcd.o
 .bss.m_wrap    0x00000000200000aa        0x1 Drivers/display/lcd.o
 *fill*         0x00000000200000ab        0x1 
 .bss.buf.9872  0x00000000200000ac      0x100 Drivers/display/lcd.o
 .bss.__malloc_free_list
                0x00000000200001ac        0x4 c:/st/stm32cubeide_1.1.0/stm32cubeide/plugins/com.st.stm32cube.ide.mcu.externaltools.gnu-tools-for-stm32.7-2018-q2-update.win32_1.0.0.201904181610/tools/bin/../lib/gcc/arm-none-eabi/7.3.1/../../../../arm-none-eabi/lib/thumb/v7e-m/fpv4-sp/hard\libc_nano.a(lib_a-nano-mallocr.o)
                0x00000000200001ac                __malloc_free_list
 .bss.__malloc_sbrk_start
                0x00000000200001b0        0x4 c:/st/stm32cubeide_1.1.0/stm32cubeide/plugins/com.st.stm32cube.ide.mcu.externaltools.gnu-tools-for-stm32.7-2018-q2-update.win32_1.0.0.201904181610/tools/bin/../lib/gcc/arm-none-eabi/7.3.1/../../../../arm-none-eabi/lib/thumb/v7e-m/fpv4-sp/hard\libc_nano.a(lib_a-nano-mallocr.o)
                0x00000000200001b0                __malloc_sbrk_start
 *(COMMON)
 COMMON         0x00000000200001b4       0x40 Core/Src/tim.o
                0x00000000200001b4                htim2
 COMMON         0x00000000200001f4        0x4 Drivers/STM32F4xx_HAL_Driver/Src/stm32f4xx_hal.o
                0x00000000200001f4                uwTick
 COMMON         0x00000000200001f8        0x4 c:/st/stm32cubeide_1.1.0/stm32cubeide/plugins/com.st.stm32cube.ide.mcu.externaltools.gnu-tools-for-stm32.7-2018-q2-update.win32_1.0.0.201904181610/tools/bin/../lib/gcc/arm-none-eabi/7.3.1/../../../../arm-none-eabi/lib/thumb/v7e-m/fpv4-sp/hard\libc_nano.a(lib_a-reent.o)
                0x00000000200001f8                errno
                0x00000000200001fc                . = ALIGN (0x4)
                0x00000000200001fc                _ebss = .
                0x00000000200001fc                __bss_end__ = _ebss

._user_heap_stack
                0x00000000200001fc      0x604 load address 0x0000000008003afc
                0x0000000020000200                . = ALIGN (0x8)
 *fill*         0x00000000200001fc        0x4 
                0x0000000020000200                PROVIDE (end = .)
                [!provide]                        PROVIDE (_end = .)
                0x0000000020000400                . = (. + _Min_Heap_Size)
 *fill*         0x0000000020000200      0x200 
                0x0000000020000800                . = (. + _Min_Stack_Size)
 *fill*         0x0000000020000400      0x400 
                0x0000000020000800                . = ALIGN (0x8)

/DISCARD/
 libc.a(*)
 libm.a(*)
 libgcc.a(*)

.ARM.attributes
                0x0000000000000000       0x30
 *(.ARM.attributes)
 .ARM.attributes
                0x0000000000000000       0x22 c:/st/stm32cubeide_1.1.0/stm32cubeide/plugins/com.st.stm32cube.ide.mcu.externaltools.gnu-tools-for-stm32.7-2018-q2-update.win32_1.0.0.201904181610/tools/bin/../lib/gcc/arm-none-eabi/7.3.1/thumb/v7e-m/fpv4-sp/hard/crti.o
 .ARM.attributes
                0x0000000000000022       0x34 c:/st/stm32cubeide_1.1.0/stm32cubeide/plugins/com.st.stm32cube.ide.mcu.externaltools.gnu-tools-for-stm32.7-2018-q2-update.win32_1.0.0.201904181610/tools/bin/../lib/gcc/arm-none-eabi/7.3.1/thumb/v7e-m/fpv4-sp/hard/crtbegin.o
 .ARM.attributes
                0x0000000000000056       0x39 Core/Src/gpio.o
 .ARM.attributes
                0x000000000000008f       0x39 Core/Src/main.o
 .ARM.attributes
                0x00000000000000c8       0x39 Core/Src/stm32f4xx_hal_msp.o
 .ARM.attributes
                0x0000000000000101       0x39 Core/Src/stm32f4xx_it.o
 .ARM.attributes
                0x000000000000013a       0x39 Core/Src/sysmem.o
 .ARM.attributes
                0x0000000000000173       0x39 Core/Src/system_stm32f4xx.o
 .ARM.attributes
                0x00000000000001ac       0x39 Core/Src/tim.o
 .ARM.attributes
                0x00000000000001e5       0x21 Core/Startup/startup_stm32f446retx.o
 .ARM.attributes
                0x0000000000000206       0x39 Drivers/STM32F4xx_HAL_Driver/Src/stm32f4xx_hal.o
 .ARM.attributes
                0x000000000000023f       0x39 Drivers/STM32F4xx_HAL_Driver/Src/stm32f4xx_hal_cortex.o
 .ARM.attributes
                0x0000000000000278       0x39 Drivers/STM32F4xx_HAL_Driver/Src/stm32f4xx_hal_gpio.o
 .ARM.attributes
                0x00000000000002b1       0x39 Drivers/STM32F4xx_HAL_Driver/Src/stm32f4xx_hal_pwr_ex.o
 .ARM.attributes
                0x00000000000002ea       0x39 Drivers/STM32F4xx_HAL_Driver/Src/stm32f4xx_hal_rcc.o
 .ARM.attributes
                0x0000000000000323       0x39 Drivers/STM32F4xx_HAL_Driver/Src/stm32f4xx_hal_rcc_ex.o
 .ARM.attributes
                0x000000000000035c       0x39 Drivers/STM32F4xx_HAL_Driver/Src/stm32f4xx_hal_tim.o
 .ARM.attributes
                0x0000000000000395       0x39 Drivers/STM32F4xx_HAL_Driver/Src/stm32f4xx_hal_tim_ex.o
 .ARM.attributes
                0x00000000000003ce       0x39 Drivers/display/Fonts/font12.o
 .ARM.attributes
                0x0000000000000407       0x39 Drivers/display/lcd.o
 .ARM.attributes
                0x0000000000000440       0x34 c:/st/stm32cubeide_1.1.0/stm32cubeide/plugins/com.st.stm32cube.ide.mcu.externaltools.gnu-tools-for-stm32.7-2018-q2-update.win32_1.0.0.201904181610/tools/bin/../lib/gcc/arm-none-eabi/7.3.1/../../../../arm-none-eabi/lib/thumb/v7e-m/fpv4-sp/hard\libc_nano.a(lib_a-errno.o)
 .ARM.attributes
                0x0000000000000474       0x34 c:/st/stm32cubeide_1.1.0/stm32cubeide/plugins/com.st.stm32cube.ide.mcu.externaltools.gnu-tools-for-stm32.7-2018-q2-update.win32_1.0.0.201904181610/tools/bin/../lib/gcc/arm-none-eabi/7.3.1/../../../../arm-none-eabi/lib/thumb/v7e-m/fpv4-sp/hard\libc_nano.a(lib_a-impure.o)
 .ARM.attributes
                0x00000000000004a8       0x34 c:/st/stm32cubeide_1.1.0/stm32cubeide/plugins/com.st.stm32cube.ide.mcu.externaltools.gnu-tools-for-stm32.7-2018-q2-update.win32_1.0.0.201904181610/tools/bin/../lib/gcc/arm-none-eabi/7.3.1/../../../../arm-none-eabi/lib/thumb/v7e-m/fpv4-sp/hard\libc_nano.a(lib_a-init.o)
 .ARM.attributes
                0x00000000000004dc       0x34 c:/st/stm32cubeide_1.1.0/stm32cubeide/plugins/com.st.stm32cube.ide.mcu.externaltools.gnu-tools-for-stm32.7-2018-q2-update.win32_1.0.0.201904181610/tools/bin/../lib/gcc/arm-none-eabi/7.3.1/../../../../arm-none-eabi/lib/thumb/v7e-m/fpv4-sp/hard\libc_nano.a(lib_a-memset.o)
 .ARM.attributes
                0x0000000000000510       0x34 c:/st/stm32cubeide_1.1.0/stm32cubeide/plugins/com.st.stm32cube.ide.mcu.externaltools.gnu-tools-for-stm32.7-2018-q2-update.win32_1.0.0.201904181610/tools/bin/../lib/gcc/arm-none-eabi/7.3.1/../../../../arm-none-eabi/lib/thumb/v7e-m/fpv4-sp/hard\libc_nano.a(lib_a-vsprintf.o)
 .ARM.attributes
                0x0000000000000544       0x34 c:/st/stm32cubeide_1.1.0/stm32cubeide/plugins/com.st.stm32cube.ide.mcu.externaltools.gnu-tools-for-stm32.7-2018-q2-update.win32_1.0.0.201904181610/tools/bin/../lib/gcc/arm-none-eabi/7.3.1/../../../../arm-none-eabi/lib/thumb/v7e-m/fpv4-sp/hard\libc_nano.a(lib_a-nano-svfprintf.o)
 .ARM.attributes
                0x0000000000000578       0x34 c:/st/stm32cubeide_1.1.0/stm32cubeide/plugins/com.st.stm32cube.ide.mcu.externaltools.gnu-tools-for-stm32.7-2018-q2-update.win32_1.0.0.201904181610/tools/bin/../lib/gcc/arm-none-eabi/7.3.1/../../../../arm-none-eabi/lib/thumb/v7e-m/fpv4-sp/hard\libc_nano.a(lib_a-nano-vfprintf_i.o)
 .ARM.attributes
                0x00000000000005ac       0x20 c:/st/stm32cubeide_1.1.0/stm32cubeide/plugins/com.st.stm32cube.ide.mcu.externaltools.gnu-tools-for-stm32.7-2018-q2-update.win32_1.0.0.201904181610/tools/bin/../lib/gcc/arm-none-eabi/7.3.1/../../../../arm-none-eabi/lib/thumb/v7e-m/fpv4-sp/hard\libc_nano.a(lib_a-memchr.o)
 .ARM.attributes
                0x00000000000005cc       0x34 c:/st/stm32cubeide_1.1.0/stm32cubeide/plugins/com.st.stm32cube.ide.mcu.externaltools.gnu-tools-for-stm32.7-2018-q2-update.win32_1.0.0.201904181610/tools/bin/../lib/gcc/arm-none-eabi/7.3.1/../../../../arm-none-eabi/lib/thumb/v7e-m/fpv4-sp/hard\libc_nano.a(lib_a-memcpy-stub.o)
 .ARM.attributes
                0x0000000000000600       0x34 c:/st/stm32cubeide_1.1.0/stm32cubeide/plugins/com.st.stm32cube.ide.mcu.externaltools.gnu-tools-for-stm32.7-2018-q2-update.win32_1.0.0.201904181610/tools/bin/../lib/gcc/arm-none-eabi/7.3.1/../../../../arm-none-eabi/lib/thumb/v7e-m/fpv4-sp/hard\libc_nano.a(lib_a-memmove.o)
 .ARM.attributes
                0x0000000000000634       0x34 c:/st/stm32cubeide_1.1.0/stm32cubeide/plugins/com.st.stm32cube.ide.mcu.externaltools.gnu-tools-for-stm32.7-2018-q2-update.win32_1.0.0.201904181610/tools/bin/../lib/gcc/arm-none-eabi/7.3.1/../../../../arm-none-eabi/lib/thumb/v7e-m/fpv4-sp/hard\libc_nano.a(lib_a-nano-freer.o)
 .ARM.attributes
                0x0000000000000668       0x34 c:/st/stm32cubeide_1.1.0/stm32cubeide/plugins/com.st.stm32cube.ide.mcu.externaltools.gnu-tools-for-stm32.7-2018-q2-update.win32_1.0.0.201904181610/tools/bin/../lib/gcc/arm-none-eabi/7.3.1/../../../../arm-none-eabi/lib/thumb/v7e-m/fpv4-sp/hard\libc_nano.a(lib_a-nano-mallocr.o)
 .ARM.attributes
                0x000000000000069c       0x34 c:/st/stm32cubeide_1.1.0/stm32cubeide/plugins/com.st.stm32cube.ide.mcu.externaltools.gnu-tools-for-stm32.7-2018-q2-update.win32_1.0.0.201904181610/tools/bin/../lib/gcc/arm-none-eabi/7.3.1/../../../../arm-none-eabi/lib/thumb/v7e-m/fpv4-sp/hard\libc_nano.a(lib_a-nano-reallocr.o)
 .ARM.attributes
                0x00000000000006d0       0x34 c:/st/stm32cubeide_1.1.0/stm32cubeide/plugins/com.st.stm32cube.ide.mcu.externaltools.gnu-tools-for-stm32.7-2018-q2-update.win32_1.0.0.201904181610/tools/bin/../lib/gcc/arm-none-eabi/7.3.1/../../../../arm-none-eabi/lib/thumb/v7e-m/fpv4-sp/hard\libc_nano.a(lib_a-sbrkr.o)
 .ARM.attributes
                0x0000000000000704       0x34 c:/st/stm32cubeide_1.1.0/stm32cubeide/plugins/com.st.stm32cube.ide.mcu.externaltools.gnu-tools-for-stm32.7-2018-q2-update.win32_1.0.0.201904181610/tools/bin/../lib/gcc/arm-none-eabi/7.3.1/../../../../arm-none-eabi/lib/thumb/v7e-m/fpv4-sp/hard\libc_nano.a(lib_a-mlock.o)
 .ARM.attributes
                0x0000000000000738       0x34 c:/st/stm32cubeide_1.1.0/stm32cubeide/plugins/com.st.stm32cube.ide.mcu.externaltools.gnu-tools-for-stm32.7-2018-q2-update.win32_1.0.0.201904181610/tools/bin/../lib/gcc/arm-none-eabi/7.3.1/../../../../arm-none-eabi/lib/thumb/v7e-m/fpv4-sp/hard\libc_nano.a(lib_a-nano-msizer.o)
 .ARM.attributes
                0x000000000000076c       0x34 c:/st/stm32cubeide_1.1.0/stm32cubeide/plugins/com.st.stm32cube.ide.mcu.externaltools.gnu-tools-for-stm32.7-2018-q2-update.win32_1.0.0.201904181610/tools/bin/../lib/gcc/arm-none-eabi/7.3.1/../../../../arm-none-eabi/lib/thumb/v7e-m/fpv4-sp/hard\libc_nano.a(lib_a-reent.o)
 .ARM.attributes
                0x00000000000007a0       0x22 c:/st/stm32cubeide_1.1.0/stm32cubeide/plugins/com.st.stm32cube.ide.mcu.externaltools.gnu-tools-for-stm32.7-2018-q2-update.win32_1.0.0.201904181610/tools/bin/../lib/gcc/arm-none-eabi/7.3.1/thumb/v7e-m/fpv4-sp/hard\libgcc.a(_aeabi_uldivmod.o)
 .ARM.attributes
                0x00000000000007c2       0x34 c:/st/stm32cubeide_1.1.0/stm32cubeide/plugins/com.st.stm32cube.ide.mcu.externaltools.gnu-tools-for-stm32.7-2018-q2-update.win32_1.0.0.201904181610/tools/bin/../lib/gcc/arm-none-eabi/7.3.1/thumb/v7e-m/fpv4-sp/hard\libgcc.a(_udivmoddi4.o)
 .ARM.attributes
                0x00000000000007f6       0x22 c:/st/stm32cubeide_1.1.0/stm32cubeide/plugins/com.st.stm32cube.ide.mcu.externaltools.gnu-tools-for-stm32.7-2018-q2-update.win32_1.0.0.201904181610/tools/bin/../lib/gcc/arm-none-eabi/7.3.1/thumb/v7e-m/fpv4-sp/hard\libgcc.a(_dvmd_tls.o)
 .ARM.attributes
                0x0000000000000818       0x22 c:/st/stm32cubeide_1.1.0/stm32cubeide/plugins/com.st.stm32cube.ide.mcu.externaltools.gnu-tools-for-stm32.7-2018-q2-update.win32_1.0.0.201904181610/tools/bin/../lib/gcc/arm-none-eabi/7.3.1/thumb/v7e-m/fpv4-sp/hard/crtn.o
OUTPUT(MechnaicalEncoder_With_Timer.elf elf32-littlearm)

.debug_info     0x0000000000000000     0xc284
 .debug_info    0x0000000000000000      0x4aa Core/Src/gpio.o
 .debug_info    0x00000000000004aa     0x126a Core/Src/main.o
 .debug_info    0x0000000000001714      0x344 Core/Src/stm32f4xx_hal_msp.o
 .debug_info    0x0000000000001a58      0x1b3 Core/Src/stm32f4xx_it.o
 .debug_info    0x0000000000001c0b      0x91c Core/Src/sysmem.o
 .debug_info    0x0000000000002527      0x536 Core/Src/system_stm32f4xx.o
 .debug_info    0x0000000000002a5d      0xa71 Core/Src/tim.o
 .debug_info    0x00000000000034ce       0x22 Core/Startup/startup_stm32f446retx.o
 .debug_info    0x00000000000034f0      0x973 Drivers/STM32F4xx_HAL_Driver/Src/stm32f4xx_hal.o
 .debug_info    0x0000000000003e63      0xdf4 Drivers/STM32F4xx_HAL_Driver/Src/stm32f4xx_hal_cortex.o
 .debug_info    0x0000000000004c57      0x7b1 Drivers/STM32F4xx_HAL_Driver/Src/stm32f4xx_hal_gpio.o
 .debug_info    0x0000000000005408      0x70f Drivers/STM32F4xx_HAL_Driver/Src/stm32f4xx_hal_pwr_ex.o
 .debug_info    0x0000000000005b17      0x8e4 Drivers/STM32F4xx_HAL_Driver/Src/stm32f4xx_hal_rcc.o
 .debug_info    0x00000000000063fb      0x983 Drivers/STM32F4xx_HAL_Driver/Src/stm32f4xx_hal_rcc_ex.o
 .debug_info    0x0000000000006d7e     0x2456 Drivers/STM32F4xx_HAL_Driver/Src/stm32f4xx_hal_tim.o
 .debug_info    0x00000000000091d4     0x1105 Drivers/STM32F4xx_HAL_Driver/Src/stm32f4xx_hal_tim_ex.o
 .debug_info    0x000000000000a2d9      0x117 Drivers/display/Fonts/font12.o
 .debug_info    0x000000000000a3f0     0x1e94 Drivers/display/lcd.o

.debug_abbrev   0x0000000000000000     0x1d27
 .debug_abbrev  0x0000000000000000      0x134 Core/Src/gpio.o
 .debug_abbrev  0x0000000000000134      0x219 Core/Src/main.o
 .debug_abbrev  0x000000000000034d       0xef Core/Src/stm32f4xx_hal_msp.o
 .debug_abbrev  0x000000000000043c       0xac Core/Src/stm32f4xx_it.o
 .debug_abbrev  0x00000000000004e8      0x1bb Core/Src/sysmem.o
 .debug_abbrev  0x00000000000006a3      0x111 Core/Src/system_stm32f4xx.o
 .debug_abbrev  0x00000000000007b4      0x1aa Core/Src/tim.o
 .debug_abbrev  0x000000000000095e       0x12 Core/Startup/startup_stm32f446retx.o
 .debug_abbrev  0x0000000000000970      0x1cb Drivers/STM32F4xx_HAL_Driver/Src/stm32f4xx_hal.o
 .debug_abbrev  0x0000000000000b3b      0x2fa Drivers/STM32F4xx_HAL_Driver/Src/stm32f4xx_hal_cortex.o
 .debug_abbrev  0x0000000000000e35      0x1c9 Drivers/STM32F4xx_HAL_Driver/Src/stm32f4xx_hal_gpio.o
 .debug_abbrev  0x0000000000000ffe      0x1b8 Drivers/STM32F4xx_HAL_Driver/Src/stm32f4xx_hal_pwr_ex.o
 .debug_abbrev  0x00000000000011b6      0x245 Drivers/STM32F4xx_HAL_Driver/Src/stm32f4xx_hal_rcc.o
 .debug_abbrev  0x00000000000013fb      0x1bc Drivers/STM32F4xx_HAL_Driver/Src/stm32f4xx_hal_rcc_ex.o
 .debug_abbrev  0x00000000000015b7      0x230 Drivers/STM32F4xx_HAL_Driver/Src/stm32f4xx_hal_tim.o
 .debug_abbrev  0x00000000000017e7      0x21e Drivers/STM32F4xx_HAL_Driver/Src/stm32f4xx_hal_tim_ex.o
 .debug_abbrev  0x0000000000001a05       0xa3 Drivers/display/Fonts/font12.o
 .debug_abbrev  0x0000000000001aa8      0x27f Drivers/display/lcd.o

.debug_aranges  0x0000000000000000      0xbc8
 .debug_aranges
                0x0000000000000000       0x20 Core/Src/gpio.o
 .debug_aranges
                0x0000000000000020       0x30 Core/Src/main.o
 .debug_aranges
                0x0000000000000050       0x20 Core/Src/stm32f4xx_hal_msp.o
 .debug_aranges
                0x0000000000000070       0x60 Core/Src/stm32f4xx_it.o
 .debug_aranges
                0x00000000000000d0       0x20 Core/Src/sysmem.o
 .debug_aranges
                0x00000000000000f0       0x28 Core/Src/system_stm32f4xx.o
 .debug_aranges
                0x0000000000000118       0x30 Core/Src/tim.o
 .debug_aranges
                0x0000000000000148       0x28 Core/Startup/startup_stm32f446retx.o
 .debug_aranges
                0x0000000000000170       0xf0 Drivers/STM32F4xx_HAL_Driver/Src/stm32f4xx_hal.o
 .debug_aranges
                0x0000000000000260      0x118 Drivers/STM32F4xx_HAL_Driver/Src/stm32f4xx_hal_cortex.o
 .debug_aranges
                0x0000000000000378       0x58 Drivers/STM32F4xx_HAL_Driver/Src/stm32f4xx_hal_gpio.o
 .debug_aranges
                0x00000000000003d0       0x60 Drivers/STM32F4xx_HAL_Driver/Src/stm32f4xx_hal_pwr_ex.o
 .debug_aranges
                0x0000000000000430       0x88 Drivers/STM32F4xx_HAL_Driver/Src/stm32f4xx_hal_rcc.o
 .debug_aranges
                0x00000000000004b8       0x78 Drivers/STM32F4xx_HAL_Driver/Src/stm32f4xx_hal_rcc_ex.o
 .debug_aranges
                0x0000000000000530      0x3a8 Drivers/STM32F4xx_HAL_Driver/Src/stm32f4xx_hal_tim.o
 .debug_aranges
                0x00000000000008d8      0x150 Drivers/STM32F4xx_HAL_Driver/Src/stm32f4xx_hal_tim_ex.o
 .debug_aranges
                0x0000000000000a28       0x18 Drivers/display/Fonts/font12.o
 .debug_aranges
                0x0000000000000a40      0x188 Drivers/display/lcd.o

.debug_ranges   0x0000000000000000      0xaa8
 .debug_ranges  0x0000000000000000       0x10 Core/Src/gpio.o
 .debug_ranges  0x0000000000000010       0x20 Core/Src/main.o
 .debug_ranges  0x0000000000000030       0x10 Core/Src/stm32f4xx_hal_msp.o
 .debug_ranges  0x0000000000000040       0x50 Core/Src/stm32f4xx_it.o
 .debug_ranges  0x0000000000000090       0x10 Core/Src/sysmem.o
 .debug_ranges  0x00000000000000a0       0x18 Core/Src/system_stm32f4xx.o
 .debug_ranges  0x00000000000000b8       0x20 Core/Src/tim.o
 .debug_ranges  0x00000000000000d8       0x20 Core/Startup/startup_stm32f446retx.o
 .debug_ranges  0x00000000000000f8       0xe0 Drivers/STM32F4xx_HAL_Driver/Src/stm32f4xx_hal.o
 .debug_ranges  0x00000000000001d8      0x108 Drivers/STM32F4xx_HAL_Driver/Src/stm32f4xx_hal_cortex.o
 .debug_ranges  0x00000000000002e0       0x48 Drivers/STM32F4xx_HAL_Driver/Src/stm32f4xx_hal_gpio.o
 .debug_ranges  0x0000000000000328       0x50 Drivers/STM32F4xx_HAL_Driver/Src/stm32f4xx_hal_pwr_ex.o
 .debug_ranges  0x0000000000000378       0x78 Drivers/STM32F4xx_HAL_Driver/Src/stm32f4xx_hal_rcc.o
 .debug_ranges  0x00000000000003f0       0x68 Drivers/STM32F4xx_HAL_Driver/Src/stm32f4xx_hal_rcc_ex.o
 .debug_ranges  0x0000000000000458      0x398 Drivers/STM32F4xx_HAL_Driver/Src/stm32f4xx_hal_tim.o
 .debug_ranges  0x00000000000007f0      0x140 Drivers/STM32F4xx_HAL_Driver/Src/stm32f4xx_hal_tim_ex.o
 .debug_ranges  0x0000000000000930      0x178 Drivers/display/lcd.o

.debug_macro    0x0000000000000000    0x22917
 .debug_macro   0x0000000000000000      0x1dd Core/Src/gpio.o
 .debug_macro   0x00000000000001dd      0xa5a Core/Src/gpio.o
 .debug_macro   0x0000000000000c37      0x184 Core/Src/gpio.o
 .debug_macro   0x0000000000000dbb       0x32 Core/Src/gpio.o
 .debug_macro   0x0000000000000ded       0x28 Core/Src/gpio.o
 .debug_macro   0x0000000000000e15       0x22 Core/Src/gpio.o
 .debug_macro   0x0000000000000e37       0x8e Core/Src/gpio.o
 .debug_macro   0x0000000000000ec5       0x51 Core/Src/gpio.o
 .debug_macro   0x0000000000000f16       0xef Core/Src/gpio.o
 .debug_macro   0x0000000000001005       0x6a Core/Src/gpio.o
 .debug_macro   0x000000000000106f      0x1df Core/Src/gpio.o
 .debug_macro   0x000000000000124e       0x1c Core/Src/gpio.o
 .debug_macro   0x000000000000126a       0x22 Core/Src/gpio.o
 .debug_macro   0x000000000000128c       0xdf Core/Src/gpio.o
 .debug_macro   0x000000000000136b     0x102d Core/Src/gpio.o
 .debug_macro   0x0000000000002398      0x11f Core/Src/gpio.o
 .debug_macro   0x00000000000024b7    0x16734 Core/Src/gpio.o
 .debug_macro   0x0000000000018beb       0x43 Core/Src/gpio.o
 .debug_macro   0x0000000000018c2e     0x35d4 Core/Src/gpio.o
 .debug_macro   0x000000000001c202      0x174 Core/Src/gpio.o
 .debug_macro   0x000000000001c376       0x5a Core/Src/gpio.o
 .debug_macro   0x000000000001c3d0      0xc90 Core/Src/gpio.o
 .debug_macro   0x000000000001d060      0x9fe Core/Src/gpio.o
 .debug_macro   0x000000000001da5e       0xed Core/Src/gpio.o
 .debug_macro   0x000000000001db4b      0x117 Core/Src/gpio.o
 .debug_macro   0x000000000001dc62      0x1a0 Core/Src/gpio.o
 .debug_macro   0x000000000001de02       0x27 Core/Src/gpio.o
 .debug_macro   0x000000000001de29      0x287 Core/Src/gpio.o
 .debug_macro   0x000000000001e0b0       0x5f Core/Src/gpio.o
 .debug_macro   0x000000000001e10f      0x236 Core/Src/gpio.o
 .debug_macro   0x000000000001e345      0x132 Core/Src/gpio.o
 .debug_macro   0x000000000001e477      0x29c Core/Src/gpio.o
 .debug_macro   0x000000000001e713       0x2e Core/Src/gpio.o
 .debug_macro   0x000000000001e741      0x11a Core/Src/gpio.o
 .debug_macro   0x000000000001e85b       0xe8 Core/Src/gpio.o
 .debug_macro   0x000000000001e943       0x89 Core/Src/gpio.o
 .debug_macro   0x000000000001e9cc      0x87d Core/Src/gpio.o
 .debug_macro   0x000000000001f249       0x4d Core/Src/gpio.o
 .debug_macro   0x000000000001f296      0x126 Core/Src/gpio.o
 .debug_macro   0x000000000001f3bc       0x58 Core/Src/gpio.o
 .debug_macro   0x000000000001f414      0x38a Core/Src/main.o
 .debug_macro   0x000000000001f79e       0x18 Core/Src/main.o
 .debug_macro   0x000000000001f7b6       0x46 Core/Src/main.o
 .debug_macro   0x000000000001f7fc       0x3c Core/Src/main.o
 .debug_macro   0x000000000001f838       0x34 Core/Src/main.o
 .debug_macro   0x000000000001f86c       0x16 Core/Src/main.o
 .debug_macro   0x000000000001f882       0x35 Core/Src/main.o
 .debug_macro   0x000000000001f8b7       0x52 Core/Src/main.o
 .debug_macro   0x000000000001f909       0x1f Core/Src/main.o
 .debug_macro   0x000000000001f928       0x43 Core/Src/main.o
 .debug_macro   0x000000000001f96b       0x20 Core/Src/main.o
 .debug_macro   0x000000000001f98b      0x1a3 Core/Src/main.o
 .debug_macro   0x000000000001fb2e      0x32a Core/Src/main.o
 .debug_macro   0x000000000001fe58       0x16 Core/Src/main.o
 .debug_macro   0x000000000001fe6e       0x29 Core/Src/main.o
 .debug_macro   0x000000000001fe97       0x58 Core/Src/main.o
 .debug_macro   0x000000000001feef       0x1c Core/Src/main.o
 .debug_macro   0x000000000001ff0b       0x10 Core/Src/main.o
 .debug_macro   0x000000000001ff1b       0x1c Core/Src/main.o
 .debug_macro   0x000000000001ff37       0x52 Core/Src/main.o
 .debug_macro   0x000000000001ff89       0x40 Core/Src/main.o
 .debug_macro   0x000000000001ffc9       0x10 Core/Src/main.o
 .debug_macro   0x000000000001ffd9       0x40 Core/Src/main.o
 .debug_macro   0x0000000000020019       0xd7 Core/Src/main.o
 .debug_macro   0x00000000000200f0       0x1c Core/Src/main.o
 .debug_macro   0x000000000002010c       0x3d Core/Src/main.o
 .debug_macro   0x0000000000020149       0x16 Core/Src/main.o
 .debug_macro   0x000000000002015f      0x145 Core/Src/main.o
 .debug_macro   0x00000000000202a4      0x481 Core/Src/main.o
 .debug_macro   0x0000000000020725       0x10 Core/Src/main.o
 .debug_macro   0x0000000000020735       0xfb Core/Src/main.o
 .debug_macro   0x0000000000020830      0x1d3 Core/Src/stm32f4xx_hal_msp.o
 .debug_macro   0x0000000000020a03      0x1dd Core/Src/stm32f4xx_it.o
 .debug_macro   0x0000000000020be0      0x1ae Core/Src/sysmem.o
 .debug_macro   0x0000000000020d8e      0x23b Core/Src/sysmem.o
 .debug_macro   0x0000000000020fc9       0x16 Core/Src/sysmem.o
 .debug_macro   0x0000000000020fdf      0x1ca Core/Src/system_stm32f4xx.o
 .debug_macro   0x00000000000211a9      0x1dd Core/Src/tim.o
 .debug_macro   0x0000000000021386      0x224 Drivers/STM32F4xx_HAL_Driver/Src/stm32f4xx_hal.o
 .debug_macro   0x00000000000215aa      0x1c4 Drivers/STM32F4xx_HAL_Driver/Src/stm32f4xx_hal_cortex.o
 .debug_macro   0x000000000002176e      0x1fa Drivers/STM32F4xx_HAL_Driver/Src/stm32f4xx_hal_gpio.o
 .debug_macro   0x0000000000021968      0x1dc Drivers/STM32F4xx_HAL_Driver/Src/stm32f4xx_hal_pwr_ex.o
 .debug_macro   0x0000000000021b44      0x1e8 Drivers/STM32F4xx_HAL_Driver/Src/stm32f4xx_hal_rcc.o
 .debug_macro   0x0000000000021d2c      0x1c4 Drivers/STM32F4xx_HAL_Driver/Src/stm32f4xx_hal_rcc_ex.o
 .debug_macro   0x0000000000021ef0      0x1c5 Drivers/STM32F4xx_HAL_Driver/Src/stm32f4xx_hal_tim.o
 .debug_macro   0x00000000000220b5      0x1c4 Drivers/STM32F4xx_HAL_Driver/Src/stm32f4xx_hal_tim_ex.o
 .debug_macro   0x0000000000022279       0x73 Drivers/display/Fonts/font12.o
 .debug_macro   0x00000000000222ec      0x363 Drivers/display/lcd.o
 .debug_macro   0x000000000002264f      0x10e Drivers/display/lcd.o
 .debug_macro   0x000000000002275d       0x8d Drivers/display/lcd.o
 .debug_macro   0x00000000000227ea       0xd9 Drivers/display/lcd.o
 .debug_macro   0x00000000000228c3       0x54 Drivers/display/lcd.o

.debug_line     0x0000000000000000     0xa0a5
 .debug_line    0x0000000000000000      0x6b8 Core/Src/gpio.o
 .debug_line    0x00000000000006b8      0x943 Core/Src/main.o
 .debug_line    0x0000000000000ffb      0x6a9 Core/Src/stm32f4xx_hal_msp.o
 .debug_line    0x00000000000016a4      0x74d Core/Src/stm32f4xx_it.o
 .debug_line    0x0000000000001df1      0x55e Core/Src/sysmem.o
 .debug_line    0x000000000000234f      0x6ca Core/Src/system_stm32f4xx.o
 .debug_line    0x0000000000002a19      0x6e6 Core/Src/tim.o
 .debug_line    0x00000000000030ff       0x86 Core/Startup/startup_stm32f446retx.o
 .debug_line    0x0000000000003185      0x8ab Drivers/STM32F4xx_HAL_Driver/Src/stm32f4xx_hal.o
 .debug_line    0x0000000000003a30      0x9d2 Drivers/STM32F4xx_HAL_Driver/Src/stm32f4xx_hal_cortex.o
 .debug_line    0x0000000000004402      0x879 Drivers/STM32F4xx_HAL_Driver/Src/stm32f4xx_hal_gpio.o
 .debug_line    0x0000000000004c7b      0x7a0 Drivers/STM32F4xx_HAL_Driver/Src/stm32f4xx_hal_pwr_ex.o
 .debug_line    0x000000000000541b      0x8f2 Drivers/STM32F4xx_HAL_Driver/Src/stm32f4xx_hal_rcc.o
 .debug_line    0x0000000000005d0d      0xa98 Drivers/STM32F4xx_HAL_Driver/Src/stm32f4xx_hal_rcc_ex.o
 .debug_line    0x00000000000067a5     0x190f Drivers/STM32F4xx_HAL_Driver/Src/stm32f4xx_hal_tim.o
 .debug_line    0x00000000000080b4      0xcb2 Drivers/STM32F4xx_HAL_Driver/Src/stm32f4xx_hal_tim_ex.o
 .debug_line    0x0000000000008d66      0x38c Drivers/display/Fonts/font12.o
 .debug_line    0x00000000000090f2      0xfb3 Drivers/display/lcd.o

.debug_str      0x0000000000000000    0xce2ce
 .debug_str     0x0000000000000000    0xc5053 Core/Src/gpio.o
                                      0xc52fb (size before relaxing)
 .debug_str     0x00000000000c5053     0x5d84 Core/Src/main.o
                                      0xcb0f0 (size before relaxing)
 .debug_str     0x00000000000cadd7       0x2c Core/Src/stm32f4xx_hal_msp.o
                                      0xc5260 (size before relaxing)
 .debug_str     0x00000000000cae03       0xbd Core/Src/stm32f4xx_it.o
                                      0xc51c9 (size before relaxing)
 .debug_str     0x00000000000caec0      0x4d1 Core/Src/sysmem.o
                                       0x7af5 (size before relaxing)
 .debug_str     0x00000000000cb391       0xc4 Core/Src/system_stm32f4xx.o
                                      0xc51c1 (size before relaxing)
 .debug_str     0x00000000000cb455      0x139 Core/Src/tim.o
                                      0xc583d (size before relaxing)
 .debug_str     0x00000000000cb58e       0x36 Core/Startup/startup_stm32f446retx.o
                                         0x77 (size before relaxing)
 .debug_str     0x00000000000cb5c4      0xb03 Drivers/STM32F4xx_HAL_Driver/Src/stm32f4xx_hal.o
                                      0xc5d43 (size before relaxing)
 .debug_str     0x00000000000cc0c7      0x399 Drivers/STM32F4xx_HAL_Driver/Src/stm32f4xx_hal_cortex.o
                                      0xc5a99 (size before relaxing)
 .debug_str     0x00000000000cc460      0x20c Drivers/STM32F4xx_HAL_Driver/Src/stm32f4xx_hal_gpio.o
                                      0xc5400 (size before relaxing)
 .debug_str     0x00000000000cc66c      0x135 Drivers/STM32F4xx_HAL_Driver/Src/stm32f4xx_hal_pwr_ex.o
                                      0xc53a4 (size before relaxing)
 .debug_str     0x00000000000cc7a1      0x24e Drivers/STM32F4xx_HAL_Driver/Src/stm32f4xx_hal_rcc.o
                                      0xc55a8 (size before relaxing)
 .debug_str     0x00000000000cc9ef      0x31c Drivers/STM32F4xx_HAL_Driver/Src/stm32f4xx_hal_rcc_ex.o
                                      0xc5605 (size before relaxing)
 .debug_str     0x00000000000ccd0b      0xcd4 Drivers/STM32F4xx_HAL_Driver/Src/stm32f4xx_hal_tim.o
                                      0xc62a8 (size before relaxing)
 .debug_str     0x00000000000cd9df      0x4a2 Drivers/STM32F4xx_HAL_Driver/Src/stm32f4xx_hal_tim_ex.o
                                      0xc5aa8 (size before relaxing)
 .debug_str     0x00000000000cde81       0x2f Drivers/display/Fonts/font12.o
                                       0x3c70 (size before relaxing)
 .debug_str     0x00000000000cdeb0      0x41e Drivers/display/lcd.o
                                      0xcaefa (size before relaxing)

.comment        0x0000000000000000       0x7b
 .comment       0x0000000000000000       0x7b Core/Src/gpio.o
                                         0x7c (size before relaxing)
 .comment       0x000000000000007b       0x7c Core/Src/main.o
 .comment       0x000000000000007b       0x7c Core/Src/stm32f4xx_hal_msp.o
 .comment       0x000000000000007b       0x7c Core/Src/stm32f4xx_it.o
 .comment       0x000000000000007b       0x7c Core/Src/sysmem.o
 .comment       0x000000000000007b       0x7c Core/Src/system_stm32f4xx.o
 .comment       0x000000000000007b       0x7c Core/Src/tim.o
 .comment       0x000000000000007b       0x7c Drivers/STM32F4xx_HAL_Driver/Src/stm32f4xx_hal.o
 .comment       0x000000000000007b       0x7c Drivers/STM32F4xx_HAL_Driver/Src/stm32f4xx_hal_cortex.o
 .comment       0x000000000000007b       0x7c Drivers/STM32F4xx_HAL_Driver/Src/stm32f4xx_hal_gpio.o
 .comment       0x000000000000007b       0x7c Drivers/STM32F4xx_HAL_Driver/Src/stm32f4xx_hal_pwr_ex.o
 .comment       0x000000000000007b       0x7c Drivers/STM32F4xx_HAL_Driver/Src/stm32f4xx_hal_rcc.o
 .comment       0x000000000000007b       0x7c Drivers/STM32F4xx_HAL_Driver/Src/stm32f4xx_hal_rcc_ex.o
 .comment       0x000000000000007b       0x7c Drivers/STM32F4xx_HAL_Driver/Src/stm32f4xx_hal_tim.o
 .comment       0x000000000000007b       0x7c Drivers/STM32F4xx_HAL_Driver/Src/stm32f4xx_hal_tim_ex.o
 .comment       0x000000000000007b       0x7c Drivers/display/Fonts/font12.o
 .comment       0x000000000000007b       0x7c Drivers/display/lcd.o

.debug_frame    0x0000000000000000     0x32dc
 .debug_frame   0x0000000000000000       0x34 Core/Src/gpio.o
 .debug_frame   0x0000000000000034       0x74 Core/Src/main.o
 .debug_frame   0x00000000000000a8       0x38 Core/Src/stm32f4xx_hal_msp.o
 .debug_frame   0x00000000000000e0      0x10c Core/Src/stm32f4xx_it.o
 .debug_frame   0x00000000000001ec       0x34 Core/Src/sysmem.o
 .debug_frame   0x0000000000000220       0x58 Core/Src/system_stm32f4xx.o
 .debug_frame   0x0000000000000278       0x7c Core/Src/tim.o
 .debug_frame   0x00000000000002f4      0x374 Drivers/STM32F4xx_HAL_Driver/Src/stm32f4xx_hal.o
 .debug_frame   0x0000000000000668      0x498 Drivers/STM32F4xx_HAL_Driver/Src/stm32f4xx_hal_cortex.o
 .debug_frame   0x0000000000000b00      0x14c Drivers/STM32F4xx_HAL_Driver/Src/stm32f4xx_hal_gpio.o
 .debug_frame   0x0000000000000c4c      0x14c Drivers/STM32F4xx_HAL_Driver/Src/stm32f4xx_hal_pwr_ex.o
 .debug_frame   0x0000000000000d98      0x1f0 Drivers/STM32F4xx_HAL_Driver/Src/stm32f4xx_hal_rcc.o
 .debug_frame   0x0000000000000f88      0x1e0 Drivers/STM32F4xx_HAL_Driver/Src/stm32f4xx_hal_rcc_ex.o
 .debug_frame   0x0000000000001168     0x10f0 Drivers/STM32F4xx_HAL_Driver/Src/stm32f4xx_hal_tim.o
 .debug_frame   0x0000000000002258      0x5c0 Drivers/STM32F4xx_HAL_Driver/Src/stm32f4xx_hal_tim_ex.o
 .debug_frame   0x0000000000002818      0x704 Drivers/display/lcd.o
 .debug_frame   0x0000000000002f1c       0x20 c:/st/stm32cubeide_1.1.0/stm32cubeide/plugins/com.st.stm32cube.ide.mcu.externaltools.gnu-tools-for-stm32.7-2018-q2-update.win32_1.0.0.201904181610/tools/bin/../lib/gcc/arm-none-eabi/7.3.1/../../../../arm-none-eabi/lib/thumb/v7e-m/fpv4-sp/hard\libc_nano.a(lib_a-errno.o)
 .debug_frame   0x0000000000002f3c       0x2c c:/st/stm32cubeide_1.1.0/stm32cubeide/plugins/com.st.stm32cube.ide.mcu.externaltools.gnu-tools-for-stm32.7-2018-q2-update.win32_1.0.0.201904181610/tools/bin/../lib/gcc/arm-none-eabi/7.3.1/../../../../arm-none-eabi/lib/thumb/v7e-m/fpv4-sp/hard\libc_nano.a(lib_a-init.o)
 .debug_frame   0x0000000000002f68       0x20 c:/st/stm32cubeide_1.1.0/stm32cubeide/plugins/com.st.stm32cube.ide.mcu.externaltools.gnu-tools-for-stm32.7-2018-q2-update.win32_1.0.0.201904181610/tools/bin/../lib/gcc/arm-none-eabi/7.3.1/../../../../arm-none-eabi/lib/thumb/v7e-m/fpv4-sp/hard\libc_nano.a(lib_a-memset.o)
 .debug_frame   0x0000000000002f88       0x3c c:/st/stm32cubeide_1.1.0/stm32cubeide/plugins/com.st.stm32cube.ide.mcu.externaltools.gnu-tools-for-stm32.7-2018-q2-update.win32_1.0.0.201904181610/tools/bin/../lib/gcc/arm-none-eabi/7.3.1/../../../../arm-none-eabi/lib/thumb/v7e-m/fpv4-sp/hard\libc_nano.a(lib_a-vsprintf.o)
 .debug_frame   0x0000000000002fc4       0x90 c:/st/stm32cubeide_1.1.0/stm32cubeide/plugins/com.st.stm32cube.ide.mcu.externaltools.gnu-tools-for-stm32.7-2018-q2-update.win32_1.0.0.201904181610/tools/bin/../lib/gcc/arm-none-eabi/7.3.1/../../../../arm-none-eabi/lib/thumb/v7e-m/fpv4-sp/hard\libc_nano.a(lib_a-nano-svfprintf.o)
 .debug_frame   0x0000000000003054       0x60 c:/st/stm32cubeide_1.1.0/stm32cubeide/plugins/com.st.stm32cube.ide.mcu.externaltools.gnu-tools-for-stm32.7-2018-q2-update.win32_1.0.0.201904181610/tools/bin/../lib/gcc/arm-none-eabi/7.3.1/../../../../arm-none-eabi/lib/thumb/v7e-m/fpv4-sp/hard\libc_nano.a(lib_a-nano-vfprintf_i.o)
 .debug_frame   0x00000000000030b4       0x28 c:/st/stm32cubeide_1.1.0/stm32cubeide/plugins/com.st.stm32cube.ide.mcu.externaltools.gnu-tools-for-stm32.7-2018-q2-update.win32_1.0.0.201904181610/tools/bin/../lib/gcc/arm-none-eabi/7.3.1/../../../../arm-none-eabi/lib/thumb/v7e-m/fpv4-sp/hard\libc_nano.a(lib_a-memcpy-stub.o)
 .debug_frame   0x00000000000030dc       0x28 c:/st/stm32cubeide_1.1.0/stm32cubeide/plugins/com.st.stm32cube.ide.mcu.externaltools.gnu-tools-for-stm32.7-2018-q2-update.win32_1.0.0.201904181610/tools/bin/../lib/gcc/arm-none-eabi/7.3.1/../../../../arm-none-eabi/lib/thumb/v7e-m/fpv4-sp/hard\libc_nano.a(lib_a-memmove.o)
 .debug_frame   0x0000000000003104       0x38 c:/st/stm32cubeide_1.1.0/stm32cubeide/plugins/com.st.stm32cube.ide.mcu.externaltools.gnu-tools-for-stm32.7-2018-q2-update.win32_1.0.0.201904181610/tools/bin/../lib/gcc/arm-none-eabi/7.3.1/../../../../arm-none-eabi/lib/thumb/v7e-m/fpv4-sp/hard\libc_nano.a(lib_a-nano-freer.o)
 .debug_frame   0x000000000000313c       0x2c c:/st/stm32cubeide_1.1.0/stm32cubeide/plugins/com.st.stm32cube.ide.mcu.externaltools.gnu-tools-for-stm32.7-2018-q2-update.win32_1.0.0.201904181610/tools/bin/../lib/gcc/arm-none-eabi/7.3.1/../../../../arm-none-eabi/lib/thumb/v7e-m/fpv4-sp/hard\libc_nano.a(lib_a-nano-mallocr.o)
 .debug_frame   0x0000000000003168       0x3c c:/st/stm32cubeide_1.1.0/stm32cubeide/plugins/com.st.stm32cube.ide.mcu.externaltools.gnu-tools-for-stm32.7-2018-q2-update.win32_1.0.0.201904181610/tools/bin/../lib/gcc/arm-none-eabi/7.3.1/../../../../arm-none-eabi/lib/thumb/v7e-m/fpv4-sp/hard\libc_nano.a(lib_a-nano-reallocr.o)
 .debug_frame   0x00000000000031a4       0x2c c:/st/stm32cubeide_1.1.0/stm32cubeide/plugins/com.st.stm32cube.ide.mcu.externaltools.gnu-tools-for-stm32.7-2018-q2-update.win32_1.0.0.201904181610/tools/bin/../lib/gcc/arm-none-eabi/7.3.1/../../../../arm-none-eabi/lib/thumb/v7e-m/fpv4-sp/hard\libc_nano.a(lib_a-sbrkr.o)
 .debug_frame   0x00000000000031d0       0x30 c:/st/stm32cubeide_1.1.0/stm32cubeide/plugins/com.st.stm32cube.ide.mcu.externaltools.gnu-tools-for-stm32.7-2018-q2-update.win32_1.0.0.201904181610/tools/bin/../lib/gcc/arm-none-eabi/7.3.1/../../../../arm-none-eabi/lib/thumb/v7e-m/fpv4-sp/hard\libc_nano.a(lib_a-mlock.o)
 .debug_frame   0x0000000000003200       0x20 c:/st/stm32cubeide_1.1.0/stm32cubeide/plugins/com.st.stm32cube.ide.mcu.externaltools.gnu-tools-for-stm32.7-2018-q2-update.win32_1.0.0.201904181610/tools/bin/../lib/gcc/arm-none-eabi/7.3.1/../../../../arm-none-eabi/lib/thumb/v7e-m/fpv4-sp/hard\libc_nano.a(lib_a-nano-msizer.o)
 .debug_frame   0x0000000000003220       0x5c c:/st/stm32cubeide_1.1.0/stm32cubeide/plugins/com.st.stm32cube.ide.mcu.externaltools.gnu-tools-for-stm32.7-2018-q2-update.win32_1.0.0.201904181610/tools/bin/../lib/gcc/arm-none-eabi/7.3.1/../../../../arm-none-eabi/lib/thumb/v7e-m/fpv4-sp/hard\libc_nano.a(lib_a-reent.o)
 .debug_frame   0x000000000000327c       0x2c c:/st/stm32cubeide_1.1.0/stm32cubeide/plugins/com.st.stm32cube.ide.mcu.externaltools.gnu-tools-for-stm32.7-2018-q2-update.win32_1.0.0.201904181610/tools/bin/../lib/gcc/arm-none-eabi/7.3.1/thumb/v7e-m/fpv4-sp/hard\libgcc.a(_aeabi_uldivmod.o)
 .debug_frame   0x00000000000032a8       0x34 c:/st/stm32cubeide_1.1.0/stm32cubeide/plugins/com.st.stm32cube.ide.mcu.externaltools.gnu-tools-for-stm32.7-2018-q2-update.win32_1.0.0.201904181610/tools/bin/../lib/gcc/arm-none-eabi/7.3.1/thumb/v7e-m/fpv4-sp/hard\libgcc.a(_udivmoddi4.o)
